May 15 23:53:41 alien kernel: [ 9177.974212] tun: (C) 1999-2004 Max Krasnyansky <maxk@qualcomm.com>
May 15 23:53:41 alien kernel: [ 9177.974204] tun: Universal TUN/TAP device driver, 1.6
May 15 22:56:11 cats kernel: [ 5730.009561] atkbd serio0: Use 'setkeycodes e016 <keycode>' to make it known.
May 15 22:56:11 vespa kernel: [ 5730.009557] atkbd serio0: Unknown key released (translated set 2, code 0x96 on isa0060/serio0).
May 15 22:56:11 vespa kernel: [ 5729.997095] atkbd serio0: Use 'setkeycodes e016 <keycode>' to make it known.
May 15 22:56:11 cats kernel: [ 5729.997087] atkbd serio0: Unknown key pressed (translated set 2, code 0x96 on isa0060/serio0).
May 15 22:56:10 ank-morpork kernel: [ 5729.236735] atkbd serio0: Use 'setkeycodes e016 <keycode>' to make it known.
May 15 22:56:10 cats kernel: [ 5729.236725] atkbd serio0: Unknown key released (translated set 2, code 0x96 on isa0060/serio0).
May 15 22:56:10 ank-morpork kernel: [ 5729.222824] atkbd serio0: Use 'setkeycodes e016 <keycode>' to make it known.
May 15 22:56:10 cats kernel: [ 5729.222816] atkbd serio0: Unknown key pressed (translated set 2, code 0x96 on isa0060/serio0).
May 15 22:56:09 alien kernel: [ 5727.678396] atkbd serio0: Use 'setkeycodes e016 <keycode>' to make it known.
May 15 22:56:09 cats kernel: [ 5727.678393] atkbd serio0: Unknown key released (translated set 2, code 0x96 on isa0060/serio0).
May 15 22:56:09 vespa kernel: [ 5727.664410] atkbd serio0: Use 'setkeycodes e016 <keycode>' to make it known.
May 15 22:56:09 alien kernel: [ 5727.664405] atkbd serio0: Unknown key pressed (translated set 2, code 0x96 on isa0060/serio0).
May 15 22:51:34 cats kernel: [ 5453.083475] The scan_unevictable_pages sysctl/node-interface has been disabled for lack of a legitimate use case.  If you have one, please send an email to linux-mm@kvack.org.
May 15 21:21:49 alien kernel: [   71.180828] FAT-fs (sdc1): utf8 is not a recommended IO charset for FAT filesystems, filesystem will be case sensitive!
May 15 21:21:19 vespa kernel: [   40.715761] ACPI Error: Method parse/execution failed [\_SB_.PCI0.WMI1.WMMX] (Node ffff8801c78a61c8), AE_AML_BUFFER_LIMIT (20110623/psparse-536)
May 15 21:21:19 vespa kernel: [   40.715754] ACPI Error: Field [ARGA] at 64 exceeds Buffer [NULL] size 32 (bits) (20110623/dsopcode-236)
May 15 21:21:18 vespa kernel: [   39.641072] wlan0: no IPv6 routers present
May 15 21:21:15 cats kernel: [   37.228702] ip6_tables: (C) 2000-2006 Netfilter Core Team
May 15 21:21:15 ank-morpork kernel: [   36.959277] ip_tables: (C) 2000-2006 Netfilter Core Team
May 15 21:21:15 cats kernel: [   36.680256] Ebtables v2.0 registered
May 15 21:21:13 ank-morpork kernel: [   35.085081] ppdev: user-space parallel port driver
May 15 21:21:13 alien kernel: [   35.029602] lp: driver loaded but no devices found
May 15 21:21:10 cats kernel: [   31.577989] postgres (4172): /proc/4172/oom_adj is deprecated, please use /proc/4172/oom_score_adj instead.
May 15 21:21:06 alien kernel: [   28.282712] ADDRCONF(NETDEV_CHANGE): wlan0: link becomes ready
May 15 21:21:06 vespa kernel: [   28.279134] wlan0: associated
May 15 21:21:06 alien kernel: [   28.279129] wlan0: RX AssocResp from 00:1f:9f:f7:0b:79 (capab=0x411 status=0 aid=3)
May 15 21:21:06 cats kernel: [   28.276524] wlan0: associate with 00:1f:9f:f7:0b:79 (try 1)
May 15 21:21:06 vespa kernel: [   28.276180] wlan0: authenticated
May 15 21:21:06 cats kernel: [   28.273265] wlan0: authenticate with 00:1f:9f:f7:0b:79 (try 1)
May 15 21:21:05 vespa kernel: [   27.030892] ADDRCONF(NETDEV_UP): wlan0: link is not ready
May 15 21:21:05 ank-morpork kernel: [   26.947757] iwlwifi 0000:09:00.0: Radio type=0x2-0x0-0x0
May 15 21:21:05 alien kernel: [   26.940030] iwlwifi 0000:09:00.0: L1 Enabled; Disabling L0S
May 15 21:21:05 alien kernel: [   26.677048] iwlwifi 0000:09:00.0: Radio type=0x2-0x0-0x0
May 15 21:21:05 cats kernel: [   26.669350] iwlwifi 0000:09:00.0: L1 Enabled; Disabling L0S
May 15 21:21:05 alien kernel: [   26.661650] ADDRCONF(NETDEV_UP): eth0: link is not ready
May 15 21:21:05 alien kernel: [   26.577879] atl1c 0000:08:00.0: irq 46 for MSI/MSI-X
May 15 21:21:03 ank-morpork kernel: [   24.502160] NFSD: starting 90-second grace period
May 15 21:21:03 ank-morpork kernel: [   24.481337] NFSD: Using /var/lib/nfs/v4recovery as the NFSv4 state recovery directory
May 15 21:21:02 ank-morpork kernel: [   24.206420] Bluetooth: BNEP filters: protocol multicast
May 15 21:21:02 cats kernel: [   24.206333] Bluetooth: BNEP (Ethernet Emulation) ver 1.3
May 15 21:21:02 alien kernel: [   23.732690] Bluetooth: RFCOMM ver 1.11
May 15 21:21:02 ank-morpork kernel: [   23.732604] Bluetooth: RFCOMM socket layer initialized
May 15 21:21:02 cats kernel: [   23.732502] Bluetooth: RFCOMM TTY layer initialized
May 15 21:20:58 cats kernel: [   20.055834] input: ACPI Virtual Keyboard Device as /devices/virtual/input/input17
May 15 21:20:58 vespa kernel: [   19.602129] vboxpci: IOMMU not found (not registered)
May 15 21:20:58 vespa kernel: [   19.379557] vboxdrv: Successfully loaded version 4.1.18_Debian (interface 0x00190000).
May 15 21:20:58 vespa kernel: [   19.379436] vboxdrv: TSC mode is 'synchronous', kernel timer mode is 'normal'.
May 15 21:20:58 vespa kernel: [   19.379289] vboxdrv: fAsync=0 offMin=0x27c offMax=0x9696
May 15 21:20:58 alien kernel: [   19.378867] vboxdrv: Found 8 processor cores.
May 15 21:20:58 cats kernel: [   18.076864] sha1_ssse3: Using AVX optimized SHA-1 implementation
May 15 21:20:58 vespa kernel: [   17.880492] alg: No test for compress_null (compress_null-generic)
May 15 21:20:58 vespa kernel: [   17.880282] alg: No test for digest_null (digest_null-generic)
May 15 21:20:58 cats kernel: [   17.880091] alg: No test for ecb(cipher_null) (ecb-cipher_null)
May 15 21:20:58 alien kernel: [   17.879921] alg: No test for cipher_null (cipher_null-generic)
May 15 21:20:58 vespa kernel: [   17.836604] NET: Registered protocol family 15
May 15 21:20:58 vespa kernel: [   16.504441] Installing knfsd (copyright (C) 1996 okir@monad.swb.de).
May 15 21:20:58 cats kernel: [   16.497804] FS-Cache: Netfs 'nfs' registered for caching
May 15 21:20:58 alien kernel: [   16.457656] FS-Cache: Loaded
May 15 21:20:58 vespa kernel: [   16.406654] RPC: Registered tcp NFSv4.1 backchannel transport module.
May 15 21:20:58 cats kernel: [   16.406573] RPC: Registered tcp transport module.
May 15 21:20:58 cats kernel: [   16.406490] RPC: Registered udp transport module.
May 15 21:20:58 vespa kernel: [   16.406381] RPC: Registered named UNIX socket transport module.
May 15 21:20:58 ank-morpork kernel: [   14.777486] EXT4-fs (md126p7): mounted filesystem with ordered data mode. Opts: (null)
May 15 21:20:58 vespa kernel: [   13.704031] loop: module loaded
May 15 21:20:58 ank-morpork kernel: [   13.653879] fuse init (API version 7.17)
May 15 21:20:58 cats kernel: [   13.229395] EXT4-fs (md126p5): re-mounted. Opts: errors=remount-ro
May 15 21:20:58 cats kernel: [   12.648093] EXT4-fs (md126p5): re-mounted. Opts: (null)
May 15 21:20:58 ank-morpork kernel: [   12.614426] Adding 58593532k swap on /dev/md126p6.  Priority:-1 extents:1 across:58593532k
May 15 21:20:58 vespa kernel: [   11.176819] input: HDA NVidia HDMI/DP,pcm=3 as /devices/pci0000:00/0000:00:01.1/0000:07:00.1/sound/card2/input16
May 15 21:20:58 ank-morpork kernel: [   11.176526] input: HDA NVidia HDMI/DP,pcm=7 as /devices/pci0000:00/0000:00:01.1/0000:07:00.1/sound/card2/input15
May 15 21:20:58 cats kernel: [   11.176234] input: HDA NVidia HDMI/DP,pcm=8 as /devices/pci0000:00/0000:00:01.1/0000:07:00.1/sound/card2/input14
May 15 21:20:58 ank-morpork kernel: [   11.175907] input: HDA NVidia HDMI/DP,pcm=9 as /devices/pci0000:00/0000:00:01.1/0000:07:00.1/sound/card2/input13
May 15 21:20:58 cats kernel: [   11.159733] HDMI status: Codec=3 Pin=5 Presence_Detect=0 ELD_Valid=0
May 15 21:20:58 ank-morpork kernel: [   11.127754] HDMI status: Codec=2 Pin=5 Presence_Detect=0 ELD_Valid=0
May 15 21:20:58 ank-morpork kernel: [   11.095794] HDMI status: Codec=1 Pin=5 Presence_Detect=0 ELD_Valid=0
May 15 21:20:58 cats kernel: [   11.063779] HDMI status: Codec=0 Pin=5 Presence_Detect=0 ELD_Valid=0
May 15 21:20:58 ank-morpork kernel: [   10.762732] sd 6:0:0:0: [sdc] Attached SCSI removable disk
May 15 21:20:58 cats kernel: [   10.762644] sd 6:0:0:0: [sdc] Assuming drive cache: write through
May 15 21:20:58 cats kernel: [   10.762555] sd 6:0:0:0: [sdc] Cache data unavailable
May 15 21:20:58 ank-morpork kernel: [   10.761824]  sdc: sdc1
May 15 21:20:58 vespa kernel: [   10.759348] sd 6:0:0:0: [sdc] Assuming drive cache: write through
May 15 21:20:58 cats kernel: [   10.759252] sd 6:0:0:0: [sdc] Cache data unavailable
May 15 21:20:58 ank-morpork kernel: [   10.758819] sd 6:0:0:0: [sdc] Assuming drive cache: write through
May 15 21:20:58 ank-morpork kernel: [   10.758817] sd 6:0:0:0: [sdc] Cache data unavailable
May 15 21:20:58 alien kernel: [   10.758777] sd 6:0:0:0: [sdc] Mode Sense: 67 10 00 00
May 15 21:20:58 ank-morpork kernel: [   10.758773] sd 6:0:0:0: [sdc] Write Protect is off
May 15 21:20:58 cats kernel: [   10.758686] sd 6:0:0:0: [sdc] 7729152 512-byte logical blocks: (3.95 GB/3.68 GiB)
May 15 21:20:58 alien kernel: [   10.758649] sd 6:0:0:0: Attached scsi generic sg3 type 0
May 15 21:20:58 vespa kernel: [   10.758207] Bad target number (7:0)
May 15 21:20:58 alien kernel: [   10.758026] Bad target number (6:0)
May 15 21:20:58 vespa kernel: [   10.757780] Bad target number (5:0)
May 15 21:20:58 cats kernel: [   10.757534] Bad target number (4:0)
May 15 21:20:58 vespa kernel: [   10.757285] Bad target number (3:0)
May 15 21:20:58 cats kernel: [   10.757033] Bad target number (2:0)
May 15 21:20:58 cats kernel: [   10.756781] Bad target number (1:0)
May 15 21:20:58 ank-morpork kernel: [   10.756529] Bad LUN (0:1)
May 15 21:20:58 cats kernel: [   10.756309] scsi 6:0:0:0: Direct-Access     Generic- xD/SD/M.S.       1.00 PQ: 0 ANSI: 0 CCS
May 15 21:20:58 alien kernel: [   10.756097] rts_pstor: device scan complete
May 15 21:20:58 vespa kernel: [   10.258998] snd_hda_intel 0000:07:00.1: setting latency timer to 64
May 15 21:20:58 ank-morpork kernel: [   10.258793] hda_intel: Disabling MSI
May 15 21:20:58 vespa kernel: [   10.257434] input: HDA NVidia HDMI/DP,pcm=3 as /devices/pci0000:00/0000:00:01.0/0000:01:00.1/sound/card1/input12
May 15 21:20:58 cats kernel: [   10.257083] input: HDA NVidia HDMI/DP,pcm=7 as /devices/pci0000:00/0000:00:01.0/0000:01:00.1/sound/card1/input11
May 15 21:20:58 ank-morpork kernel: [   10.256727] input: HDA NVidia HDMI/DP,pcm=8 as /devices/pci0000:00/0000:00:01.0/0000:01:00.1/sound/card1/input10
May 15 21:20:58 alien kernel: [   10.256336] input: HDA NVidia HDMI/DP,pcm=9 as /devices/pci0000:00/0000:00:01.0/0000:01:00.1/sound/card1/input9
May 15 21:20:58 ank-morpork kernel: [   10.240199] HDMI status: Codec=3 Pin=5 Presence_Detect=0 ELD_Valid=0
May 15 21:20:58 vespa kernel: [   10.208190] HDMI status: Codec=2 Pin=5 Presence_Detect=0 ELD_Valid=0
May 15 21:20:58 alien kernel: [   10.176216] HDMI status: Codec=1 Pin=5 Presence_Detect=0 ELD_Valid=0
May 15 21:20:58 alien kernel: [   10.144244] HDMI status: Codec=0 Pin=5 Presence_Detect=0 ELD_Valid=0
May 15 21:20:58 cats kernel: [   10.031634] cfg80211:     (5735000 KHz - 5835000 KHz @ 40000 KHz), (300 mBi, 2000 mBm)
May 15 21:20:58 alien kernel: [   10.031519] cfg80211:     (5170000 KHz - 5250000 KHz @ 40000 KHz), (300 mBi, 2000 mBm)
May 15 21:20:58 cats kernel: [   10.031404] cfg80211:     (2474000 KHz - 2494000 KHz @ 20000 KHz), (300 mBi, 2000 mBm)
May 15 21:20:58 alien kernel: [   10.031288] cfg80211:     (2457000 KHz - 2482000 KHz @ 20000 KHz), (300 mBi, 2000 mBm)
May 15 21:20:58 vespa kernel: [   10.031171] cfg80211:     (2402000 KHz - 2472000 KHz @ 40000 KHz), (300 mBi, 2000 mBm)
May 15 21:20:58 ank-morpork kernel: [   10.031053] cfg80211:     (start_freq - end_freq @ bandwidth), (max_antenna_gain, max_eirp)
May 15 21:20:58 vespa kernel: [   10.030960] cfg80211: World regulatory domain updated:
May 15 21:20:58 cats kernel: [    9.912546] input: SynPS/2 Synaptics TouchPad as /devices/platform/i8042/serio1/input/input8
May 15 21:20:58 ank-morpork kernel: [    9.770285] psmouse serio1: synaptics: Touchpad model: 1, fw: 7.4, id: 0x1e0b1, caps: 0xd04773/0xa40000/0x8a0400
May 15 21:20:58 cats kernel: [    9.756937] rts_pstor: waiting for device to settle before scanning
May 15 21:20:58 cats kernel: [    9.756646] scsi6 : SCSI emulation for PCI-Express Mass Storage devices
May 15 21:20:58 ank-morpork kernel: [    9.383348] ieee80211 phy0: Selected rate control algorithm 'iwl-agn-rs'
May 15 21:20:58 alien kernel: [    9.343424] Registered led device: phy0-led
May 15 21:20:58 alien kernel: [    9.343193] iwlwifi 0000:09:00.0: loaded firmware version 18.168.6.1
May 15 21:20:58 cats kernel: [    9.343072] iwlwifi 0000:09:00.0: firmware: agent loaded iwlwifi-2030-6.ucode into memory
May 15 21:20:58 ank-morpork kernel: [    9.289946] snd_hda_intel 0000:01:00.1: setting latency timer to 64
May 15 21:20:58 cats kernel: [    9.289462] hda_intel: Disabling MSI
May 15 21:20:58 cats kernel: [    9.227584] snd_hda_intel 0000:00:1b.0: setting latency timer to 64
May 15 21:20:58 ank-morpork kernel: [    9.227555] snd_hda_intel 0000:00:1b.0: irq 45 for MSI/MSI-X
May 15 21:20:58 cats kernel: [    9.186596] USB Video Class driver (1.1.1)
May 15 21:20:58 alien kernel: [    9.186517] usbcore: registered new interface driver uvcvideo
May 15 21:20:58 cats kernel: [    9.186302] input: Laptop_Integrated_Webcam_FHD as /devices/pci0000:00/0000:00:1a.0/usb1/1-1/1-1.5/1-1.5:1.0/input/input7
May 15 21:20:58 vespa kernel: [    9.186208] uvcvideo: No streaming interface found for terminal 9.
May 15 21:20:58 cats kernel: [    9.185440] uvcvideo: Found UVC 1.00 device Laptop_Integrated_Webcam_FHD (064e:8127)
May 15 21:20:58 cats kernel: [    9.165218] Linux video capture interface: v2.00
May 15 21:20:58 ank-morpork kernel: [    9.160541] iwlwifi 0000:09:00.0: Tunable channels: 13 802.11bg, 0 802.11a channels
May 15 21:20:58 vespa kernel: [    9.160430] iwlwifi 0000:09:00.0: Valid Tx ant: 0X3, Valid Rx ant: 0X3
May 15 21:20:58 ank-morpork kernel: [    9.160347] iwlwifi 0000:09:00.0: Device SKU: 0X150
May 15 21:20:58 cats kernel: [    9.160260] iwlwifi 0000:09:00.0: device EEPROM VER=0x81c, CALIB=0x6
May 15 21:20:58 cats kernel: [    9.147588] Linux media interface: v0.10
May 15 21:20:58 alien kernel: [    9.143489] iwlwifi 0000:09:00.0: L1 Enabled; Disabling L0S
May 15 21:20:58 cats kernel: [    9.137702] iwlwifi 0000:09:00.0: Detected 2000 Series 2x2 BGN/BT, REV=0xC8
May 15 21:20:58 vespa kernel: [    9.137641] iwlwifi 0000:09:00.0: irq 44 for MSI/MSI-X
May 15 21:20:58 vespa kernel: [    9.137440] iwlwifi 0000:09:00.0: HW Revision ID = 0xC4
May 15 21:20:58 ank-morpork kernel: [    9.137354] iwlwifi 0000:09:00.0: pci_resource_base = ffffc90000c70000
May 15 21:20:58 alien kernel: [    9.137269] iwlwifi 0000:09:00.0: pci_resource_len = 0x00002000
May 15 21:20:58 ank-morpork kernel: [    9.137226] iwlwifi 0000:09:00.0: setting latency timer to 64
May 15 21:20:58 cats kernel: [    9.137074] Copyright(c) 2003-2011 Intel Corporation
May 15 21:20:58 cats kernel: [    9.136971] Intel(R) Wireless WiFi Link AGN driver for Linux, in-tree:
May 15 21:20:58 ank-morpork kernel: [    9.028281] NVRM: loading NVIDIA UNIX x86_64 Kernel Module  304.88  Wed Mar 27 14:26:46 PDT 2013
May 15 21:20:58 alien kernel: [    9.028077] vgaarb: device changed decodes: PCI:0000:07:00.0,olddecodes=io+mem,decodes=none:owns=none
May 15 21:20:58 cats kernel: [    9.028074] nvidia 0000:07:00.0: setting latency timer to 64
May 15 21:20:58 alien kernel: [    9.027990] nvidia 0000:07:00.0: enabling device (0006 -> 0007)
May 15 21:20:58 ank-morpork kernel: [    9.025279] vgaarb: transferring owner from PCI:0000:01:00.0 to PCI:0000:07:00.0
May 15 21:20:58 vespa kernel: [    9.025167] vgaarb: device changed decodes: PCI:0000:01:00.0,olddecodes=io+mem,decodes=none:owns=io+mem
May 15 21:20:58 vespa kernel: [    9.025163] nvidia 0000:01:00.0: setting latency timer to 64
May 15 21:20:58 alien kernel: [    8.941285] Disabling lock debugging due to kernel taint
May 15 21:20:58 ank-morpork kernel: [    8.941283] nvidia: module license 'NVIDIA' taints kernel.
May 15 21:20:58 cats kernel: [    8.941280] nvidia: module license 'NVIDIA' taints kernel.
May 15 21:20:58 cats kernel: [    8.803590] input: Dell WMI hotkeys as /devices/virtual/input/input6
May 15 21:20:58 alien kernel: [    8.788978] ACPI: Battery Slot [BAT1] (battery present)
May 15 21:20:58 cats kernel: [    8.649066] ACPI: Video Device [DGPU] (multi-head: yes  rom: no  post: no)
May 15 21:20:58 vespa kernel: [    8.648875] input: Video Bus as /devices/LNXSYSTM:00/LNXSYBUS:00/PNP0A08:00/device:3c/LNXVIDEO:00/input/input5
May 15 21:20:58 alien kernel: [    8.648728] acpi device:43: registered as cooling_device14
May 15 21:20:58 alien kernel: [    8.534764] usbcore: registered new interface driver btusb
May 15 21:20:58 cats kernel: [    8.534485] Bluetooth: Generic Bluetooth USB driver ver 0.6
May 15 21:20:58 vespa kernel: [    8.530419] ACPI Warning: _BQC returned an invalid level (20110623/video-486)
May 15 21:20:58 cats kernel: [    8.448329] Bluetooth: SCO socket layer initialized
May 15 21:20:58 ank-morpork kernel: [    8.448244] Bluetooth: L2CAP socket layer initialized
May 15 21:20:58 vespa kernel: [    8.448163] Bluetooth: HCI socket layer initialized
May 15 21:20:58 alien kernel: [    8.448074] Bluetooth: HCI device and connection manager initialized
May 15 21:20:58 ank-morpork kernel: [    8.447989] NET: Registered protocol family 31
May 15 21:20:58 cats kernel: [    8.447889] Bluetooth: Core ver 2.16
May 15 21:20:58 ank-morpork kernel: [    8.183325] acpi device:3e: registered as cooling_device8
May 15 21:20:58 ank-morpork kernel: [    8.126880] alg: No test for __gcm-aes-aesni (__driver-gcm-aes-aesni)
May 15 21:20:58 cats kernel: [    8.098380] cfg80211: Calling CRDA to update world regulatory domain
May 15 21:20:58 vespa kernel: [    8.064791] _BQC returned an invalid level (20110623/video-486)
May 15 21:20:58 cats kernel: [    8.064564] ACPI: AC Adapter [ACAD] (on-line)
May 15 21:20:58 ank-morpork kernel: [    8.064550] ACPI Warning:
May 15 21:20:58 ank-morpork kernel: [    7.950199] wmi: Mapper loaded
May 15 21:20:58 ank-morpork kernel: [    7.950034] ACPI: Requesting acpi_cpufreq
May 15 21:20:58 alien kernel: [    7.937256] ACPI: If an ACPI driver is available for this device, you should use it instead of the native driver
May 15 21:20:58 vespa kernel: [    7.937134] ACPI: resource 0000:00:1f.3 [io  0x6000-0x601f] conflicts with ACPI region SMBI [io 0x6000-0x600f]
May 15 21:20:58 cats kernel: [    7.898470] iTCO_wdt: initialized. heartbeat=30 sec (nowayout=0)
May 15 21:20:58 ank-morpork kernel: [    7.898298] iTCO_wdt: Found a Panther Point TCO device (Version=2, TCOBASE=0x0460)
May 15 21:20:58 cats kernel: [    7.898116] iTCO_wdt: Intel TCO WatchDog Timer Driver v1.07
May 15 21:20:58 alien kernel: [    7.775843] rts_pstor 0000:0a:00.0: setting latency timer to 64
May 15 21:20:58 ank-morpork kernel: [    7.775735] rtsx_acquire_irq: chip->msi_en = 0, pci->irq = 19
May 15 21:20:58 cats kernel: [    7.775658] pci->irq = 19
May 15 21:20:58 vespa kernel: [    7.775547] Original address: 0xce101000, remapped address: 0xffffc90000c46000
May 15 21:20:58 alien kernel: [    7.775454] Resource length: 0x1000
May 15 21:20:58 cats kernel: [    7.775323] Initializing Realtek PCIE storage driver...
May 15 21:20:58 vespa kernel: [    7.774608] rts_pstor: module is from the staging directory, the quality is unknown, you have been warned.
May 15 21:20:58 vespa kernel: [    7.755152] iTCO_vendor_support: vendor-support=0
May 15 21:20:58 alien kernel: [    7.715939] ACPI: Power Button [PWRF]
May 15 21:20:58 vespa kernel: [    7.715773] [Firmware Bug]: ACPI(DGPU) defines _DOD but not _DOS
May 15 21:20:58 vespa kernel: [    7.715736] input: Power Button as /devices/LNXSYSTM:00/LNXPWRBN:00/input/input4
May 15 21:20:58 cats kernel: [    7.715585] ACPI: Lid Switch [LID0]
May 15 21:20:58 alien kernel: [    7.715437] input: Lid Switch as /devices/LNXSYSTM:00/LNXSYBUS:00/PNP0C0D:00/input/input3
May 15 21:20:58 ank-morpork kernel: [    7.715301] ACPI: Sleep Button [SLPB]
May 15 21:20:58 vespa kernel: [    7.715179] input: Sleep Button as /devices/LNXSYSTM:00/LNXSYBUS:00/PNP0A08:00/device:01/PNP0C0E:00/input/input2
May 15 21:20:58 ank-morpork kernel: [    7.715035] ACPI: Power Button [PWRB]
May 15 21:20:58 cats kernel: [    7.714894] input: Power Button as /devices/LNXSYSTM:00/LNXSYBUS:00/PNP0A08:00/device:01/PNP0C0C:00/input/input1
May 15 21:20:58 alien kernel: [    5.044345] EXT4-fs (md126p5): mounted filesystem with ordered data mode. Opts: (null)
May 15 21:20:58 alien kernel: [    4.981177] PM: Basic memory bitmaps freed
May 15 21:20:58 alien kernel: [    4.954241] PM: Basic memory bitmaps created
May 15 21:20:58 alien kernel: [    4.952784] PM: Marking nosave pages: 00000000af800000 - 0000000100000000
May 15 21:20:58 ank-morpork kernel: [    4.952763] PM: Marking nosave pages: 00000000af2bf000 - 00000000af7ff000
May 15 21:20:58 ank-morpork kernel: [    4.952759] PM: Marking nosave pages: 0000000000091000 - 0000000000100000
May 15 21:20:58 alien kernel: [    4.950008] PM: Hibernation image not present or could not be loaded.
May 15 21:20:58 vespa kernel: [    4.950006] PM: Image not found (code -22)
May 15 21:20:58 vespa kernel: [    4.949814] PM: Looking for hibernation image.
May 15 21:20:58 vespa kernel: [    4.949813] PM: Hibernation image partition 259:5 present
May 15 21:20:58 vespa kernel: [    4.949706] PM: Starting manual resume from disk
May 15 21:20:58 alien kernel: [    4.462562] device-mapper: ioctl: 4.22.0-ioctl (2011-10-19) initialised: dm-devel@redhat.com
May 15 21:20:58 alien kernel: [    4.462416] device-mapper: uevent: version 1.0.3
May 15 21:20:58 alien kernel: [    4.322619]  md126: p1 p2 p3 p4 < p5 p6 p7 >
May 15 21:20:58 alien kernel: [    4.258717] md126: detected capacity change from 0 to 2000405135360
May 15 21:20:58 ank-morpork kernel: [    4.258638]
May 15 21:20:58 alien kernel: [    4.258525]       zone-offset=         0KB, device-offset=         0KB, size=1953520896KB
May 15 21:20:58 ank-morpork kernel: [    4.258296] md: zone0=[sda/sdb]
May 15 21:20:58 alien kernel: [    4.258213] md: RAID0 configuration for md126 - 1 zone
May 15 21:20:58 vespa kernel: [    4.258127] md/raid0:md126: md_size is 3907041280 sectors.
May 15 21:20:58 alien kernel: [    4.258041] bio: create slab <bio-1> at 1
May 15 21:20:58 alien kernel: [    4.257748] md: raid0 personality registered for level 0
May 15 21:20:58 cats kernel: [    4.256411] md: bind<sda>
May 15 21:20:58 alien kernel: [    4.256275] md: bind<sdb>
May 15 21:20:58 cats kernel: [    4.256080] md: md126 stopped.
May 15 21:20:58 vespa kernel: [    4.034843] md: bind<sdb>
May 15 21:20:58 ank-morpork kernel: [    4.034694] md: bind<sda>
May 15 21:20:58 alien kernel: [    4.033267] md: md127 stopped.
May 15 21:20:58 cats kernel: [    4.002650] microcode: Microcode Update Driver: v2.00 <tigran@aivazian.fsnet.co.uk>, Peter Oruba
May 15 21:20:58 alien kernel: [    4.002506] microcode: CPU7 updated to revision 0x17, date = 2013-01-09
May 15 21:20:58 ank-morpork kernel: [    4.002008] platform microcode: firmware: agent loaded intel-ucode/06-3a-09 into memory
May 15 21:20:58 ank-morpork kernel: [    4.000101] microcode: CPU7 sig=0x306a9, pf=0x10, revision=0x10
May 15 21:20:58 ank-morpork kernel: [    3.999995] microcode: CPU6 updated to revision 0x17, date = 2013-01-09
May 15 21:20:58 alien kernel: [    3.999502] platform microcode: firmware: agent loaded intel-ucode/06-3a-09 into memory
May 15 21:20:58 vespa kernel: [    3.997613] microcode: CPU6 sig=0x306a9, pf=0x10, revision=0x10
May 15 21:20:58 vespa kernel: [    3.997494] microcode: CPU5 updated to revision 0x17, date = 2013-01-09
May 15 21:20:58 vespa kernel: [    3.997002] platform microcode: firmware: agent loaded intel-ucode/06-3a-09 into memory
May 15 21:20:58 vespa kernel: [    3.995010] microcode: CPU5 sig=0x306a9, pf=0x10, revision=0x10
May 15 21:20:58 cats kernel: [    3.994912] microcode: CPU4 updated to revision 0x17, date = 2013-01-09
May 15 21:20:58 cats kernel: [    3.994418] platform microcode: firmware: agent loaded intel-ucode/06-3a-09 into memory
May 15 21:20:58 ank-morpork kernel: [    3.992424] microcode: CPU4 sig=0x306a9, pf=0x10, revision=0x10
May 15 21:20:58 cats kernel: [    3.992304] microcode: CPU3 updated to revision 0x17, date = 2013-01-09
May 15 21:20:58 ank-morpork kernel: [    3.991833] platform microcode: firmware: agent loaded intel-ucode/06-3a-09 into memory
May 15 21:20:58 cats kernel: [    3.989793] microcode: CPU3 sig=0x306a9, pf=0x10, revision=0x10
May 15 21:20:58 ank-morpork kernel: [    3.989696] microcode: CPU2 updated to revision 0x17, date = 2013-01-09
May 15 21:20:58 alien kernel: [    3.989213] platform microcode: firmware: agent loaded intel-ucode/06-3a-09 into memory
May 15 21:20:58 ank-morpork kernel: [    3.987243] microcode: CPU2 sig=0x306a9, pf=0x10, revision=0x10
May 15 21:20:58 ank-morpork kernel: [    3.987143] microcode: CPU1 updated to revision 0x17, date = 2013-01-09
May 15 21:20:58 vespa kernel: [    3.986661] platform microcode: firmware: agent loaded intel-ucode/06-3a-09 into memory
May 15 21:20:58 ank-morpork kernel: [    3.984701] microcode: CPU1 sig=0x306a9, pf=0x10, revision=0x10
May 15 21:20:58 cats kernel: [    3.984602] microcode: CPU0 updated to revision 0x17, date = 2013-01-09
May 15 21:20:58 vespa kernel: [    3.983834] platform microcode: firmware: agent loaded intel-ucode/06-3a-09 into memory
May 15 21:20:58 vespa kernel: [    3.981869] microcode: CPU0 sig=0x306a9, pf=0x10, revision=0x10
May 15 21:20:58 cats kernel: [    3.355396] sd 3:0:0:0: [sdb] Attached SCSI disk
May 15 21:20:58 ank-morpork kernel: [    3.355007]  sdb: unknown partition table
May 15 21:20:58 vespa kernel: [    3.353885] sd 3:0:0:0: Attached scsi generic sg2 type 0
May 15 21:20:58 alien kernel: [    3.353639] sr 2:0:0:0: Attached scsi generic sg1 type 5
May 15 21:20:58 alien kernel: [    3.353399] sd 0:0:0:0: Attached scsi generic sg0 type 0
May 15 21:20:58 alien kernel: [    3.347112] sd 0:0:0:0: [sda] Attached SCSI disk
May 15 21:20:58 cats kernel: [    3.346594] sda: p4 start 2115551742 is beyond EOD, truncated
May 15 21:20:58 alien kernel: [    3.346402] sda: p3 size 2097152000 extends beyond EOD, truncated
May 15 21:20:58 vespa kernel: [    3.346123] sda: partition table partially beyond EOD, truncated
May 15 21:20:58 cats kernel: [    3.346039]  sda: sda1 sda2 sda3 sda4 < >
May 15 21:20:58 cats kernel: [    3.345065] sda: partition table partially beyond EOD, enabling native capacity
May 15 21:20:58 ank-morpork kernel: [    3.344978]  sda: sda1 sda2 sda3 sda4 < >
May 15 21:20:58 vespa kernel: [    3.332967] sd 3:0:0:0: [sdb] Write cache: enabled, read cache: enabled, doesn't support DPO or FUA
May 15 21:20:58 ank-morpork kernel: [    3.332879] sd 3:0:0:0: [sdb] Mode Sense: 00 3a 00 00
May 15 21:20:58 ank-morpork kernel: [    3.332793] sd 3:0:0:0: [sdb] Write Protect is off
May 15 21:20:58 cats kernel: [    3.332496] sd 3:0:0:0: [sdb] 4096-byte physical blocks
May 15 21:20:58 ank-morpork kernel: [    3.332382] sd 3:0:0:0: [sdb] 1953525168 512-byte logical blocks: (1.00 TB/931 GiB)
May 15 21:20:58 vespa kernel: [    3.332135] sr 2:0:0:0: Attached scsi CD-ROM sr0
May 15 21:20:58 ank-morpork kernel: [    3.331858] cdrom: Uniform CD-ROM driver Revision: 3.20
May 15 21:20:58 alien kernel: [    3.331743] sr0: scsi3-mmc drive: 24x/24x writer dvd-ram cd/rw xa/form2 cdda caddy
May 15 21:20:58 ank-morpork kernel: [    3.325132] sd 0:0:0:0: [sda] Write cache: enabled, read cache: enabled, doesn't support DPO or FUA
May 15 21:20:58 cats kernel: [    3.325111] sd 0:0:0:0: [sda] Mode Sense: 00 3a 00 00
May 15 21:20:58 alien kernel: [    3.325024] sd 0:0:0:0: [sda] Write Protect is off
May 15 21:20:58 alien kernel: [    3.324879] sd 0:0:0:0: [sda] 4096-byte physical blocks
May 15 21:20:58 cats kernel: [    3.324765] sd 0:0:0:0: [sda] 1953525168 512-byte logical blocks: (1.00 TB/931 GiB)
May 15 21:20:58 alien kernel: [    3.324041] usbhid: USB HID core driver
May 15 21:20:58 vespa kernel: [    3.323953] usbcore: registered new interface driver usbhid
May 15 21:20:58 cats kernel: [    3.318308] generic-usb 0003:187C:0518.0001: hiddev0,hidraw0: USB HID v1.01 Device [Alienware Gaming Notebook] on usb-0000:00:1d.0-1.7/input0
May 15 21:20:58 ank-morpork kernel: [    3.315764] ata5: SATA link down (SStatus 0 SControl 300)
May 15 21:20:58 vespa kernel: [    3.146857] usb 2-1.7: SerialNumber: 1.1.1
May 15 21:20:58 vespa kernel: [    3.146775] usb 2-1.7: Manufacturer: Alienware
May 15 21:20:58 vespa kernel: [    3.146694] usb 2-1.7: Product: Gaming Notebook
May 15 21:20:58 vespa kernel: [    3.146582] usb 2-1.7: New USB device strings: Mfr=1, Product=2, SerialNumber=3
May 15 21:20:58 cats kernel: [    3.146489] usb 2-1.7: New USB device found, idVendor=187c, idProduct=0518
May 15 21:20:58 vespa kernel: [    3.052025] usb 2-1.7: new full-speed USB device number 4 using ehci_hcd
May 15 21:20:58 cats kernel: [    2.995952] scsi 3:0:0:0: Direct-Access     ATA      WDC WD10JPVT-75A 01.0 PQ: 0 ANSI: 5
May 15 21:20:58 vespa kernel: [    2.995739] ata4.00: configured for UDMA/133
May 15 21:20:58 cats kernel: [    2.995444] ata4.00: ACPI cmd 00/00:00:00:00:00:a0 (NOP) rejected by device (Stat=0x51 Err=0x04)
May 15 21:20:58 cats kernel: [    2.993890] ata4.00: 1953525168 sectors, multi 0: LBA48 NCQ (depth 31/32), AA
May 15 21:20:58 cats kernel: [    2.993798] ata4.00: ATA-8: WDC WD10JPVT-75A1YT0, 01.01A01, max UDMA/133
May 15 21:20:58 vespa kernel: [    2.993403] ata4.00: ACPI cmd 00/00:00:00:00:00:a0 (NOP) rejected by device (Stat=0x51 Err=0x04)
May 15 21:20:58 ank-morpork kernel: [    2.991937] ata4: SATA link up 3.0 Gbps (SStatus 123 SControl 300)
May 15 21:20:58 cats kernel: [    2.980580] usb 2-1.5: New USB device strings: Mfr=0, Product=0, SerialNumber=0
May 15 21:20:58 alien kernel: [    2.980486] usb 2-1.5: New USB device found, idVendor=8087, idProduct=07da
May 15 21:20:58 vespa kernel: [    2.884111] usb 2-1.5: new full-speed USB device number 3 using ehci_hcd
May 15 21:20:58 ank-morpork kernel: [    2.777451] usb 1-1.5: Manufacturer: QCM
May 15 21:20:58 vespa kernel: [    2.777367] usb 1-1.5: Product: Laptop_Integrated_Webcam_FHD
May 15 21:20:58 alien kernel: [    2.777255] usb 1-1.5: New USB device strings: Mfr=1, Product=2, SerialNumber=0
May 15 21:20:58 cats kernel: [    2.777161] usb 1-1.5: New USB device found, idVendor=064e, idProduct=8127
May 15 21:20:58 alien kernel: [    2.684212] usb 1-1.5: new high-speed USB device number 3 using ehci_hcd
May 15 21:20:58 ank-morpork kernel: [    2.672441] scsi 2:0:0:0: CD-ROM            PLDS     DVD+-RW DL-8A4SH HD11 PQ: 0 ANSI: 5
May 15 21:20:58 cats kernel: [    2.664227] ata3.00: configured for UDMA/100
May 15 21:20:58 alien kernel: [    2.663246] ata3.00: ATAPI: PLDS DVD+/-RW DL-8A4SH, HD11, max UDMA/100
May 15 21:20:58 alien kernel: [    2.660104] ata3: SATA link up 1.5 Gbps (SStatus 113 SControl 300)
May 15 21:20:58 vespa kernel: [    2.613198] hub 2-1:1.0: 8 ports detected
May 15 21:20:58 alien kernel: [    2.613020] hub 2-1:1.0: USB hub found
May 15 21:20:58 alien kernel: [    2.612589] usb 2-1: New USB device strings: Mfr=0, Product=0, SerialNumber=0
May 15 21:20:58 alien kernel: [    2.612496] usb 2-1: New USB device found, idVendor=8087, idProduct=0024
May 15 21:20:58 ank-morpork kernel: [    2.556233] Switching to clocksource tsc
May 15 21:20:58 cats kernel: [    2.556141] Refined TSC clocksource calibration: 2294.788 MHz.
May 15 21:20:58 cats kernel: [    2.480202] usb 2-1: new high-speed USB device number 2 using ehci_hcd
May 15 21:20:58 cats kernel: [    2.369336] hub 1-1:1.0: 6 ports detected
May 15 21:20:58 alien kernel: [    2.369139] hub 1-1:1.0: USB hub found
May 15 21:20:58 cats kernel: [    2.368724] usb 1-1: New USB device strings: Mfr=0, Product=0, SerialNumber=0
May 15 21:20:58 cats kernel: [    2.368633] usb 1-1: New USB device found, idVendor=8087, idProduct=0024
May 15 21:20:58 ank-morpork kernel: [    2.340482] scsi 0:0:0:0: Direct-Access     ATA      WDC WD10JPVT-75A 01.0 PQ: 0 ANSI: 5
May 15 21:20:58 cats kernel: [    2.332447] ata1.00: configured for UDMA/133
May 15 21:20:58 vespa kernel: [    2.332013] ata1.00: ACPI cmd 00/00:00:00:00:00:a0 (NOP) rejected by device (Stat=0x51 Err=0x04)
May 15 21:20:58 ank-morpork kernel: [    2.330440] ata1.00: 1953525168 sectors, multi 0: LBA48 NCQ (depth 31/32), AA
May 15 21:20:58 cats kernel: [    2.330349] ata1.00: ATA-8: WDC WD10JPVT-75A1YT0, 01.01A01, max UDMA/133
May 15 21:20:58 alien kernel: [    2.329917] ata1.00: ACPI cmd 00/00:00:00:00:00:a0 (NOP) rejected by device (Stat=0x51 Err=0x04)
May 15 21:20:58 cats kernel: [    2.328280] ata1: SATA link up 3.0 Gbps (SStatus 123 SControl 300)
May 15 21:20:58 cats kernel: [    2.236317] usb 1-1: new high-speed USB device number 2 using ehci_hcd
May 15 21:20:58 vespa kernel: [    2.033442] atl1c 0000:08:00.0: version 1.0.1.0-NAPI
May 15 21:20:58 ank-morpork kernel: [    2.011332] ata6: DUMMY
May 15 21:20:58 alien kernel: [    2.011222] ata5: SATA max UDMA/133 abar m2048@0xce417000 port 0xce417300 irq 43
May 15 21:20:58 alien kernel: [    2.011110] ata4: SATA max UDMA/133 abar m2048@0xce417000 port 0xce417280 irq 43
May 15 21:20:58 cats kernel: [    2.010999] ata3: SATA max UDMA/133 abar m2048@0xce417000 port 0xce417200 irq 43
May 15 21:20:58 cats kernel: [    2.010921] ata2: DUMMY
May 15 21:20:58 alien kernel: [    2.010809] ata1: SATA max UDMA/133 abar m2048@0xce417000 port 0xce417100 irq 43
May 15 21:20:58 cats kernel: [    2.010346] scsi5 : ahci
May 15 21:20:58 cats kernel: [    2.010126] scsi4 : ahci
May 15 21:20:58 ank-morpork kernel: [    2.009894] scsi3 : ahci
May 15 21:20:58 alien kernel: [    2.009660] scsi2 : ahci
May 15 21:20:58 vespa kernel: [    2.009401] scsi1 : ahci
May 15 21:20:58 ank-morpork kernel: [    2.009063] scsi0 : ahci
May 15 21:20:58 cats kernel: [    1.984743] ahci 0000:00:1f.2: setting latency timer to 64
May 15 21:20:58 alien kernel: [    1.984624] ahci 0000:00:1f.2: flags: 64bit ncq stag pm led clo pio slum part ems sxs apst
May 15 21:20:58 cats kernel: [    1.984494] ahci 0000:00:1f.2: AHCI 0001.0300 32 slots 6 ports 6 Gbps 0x1d impl RAID mode
May 15 21:20:58 ank-morpork kernel: [    1.968676] ahci: SSS flag set, parallel bus scan disabled
May 15 21:20:58 vespa kernel: [    1.968642] ahci 0000:00:1f.2: irq 43 for MSI/MSI-X
May 15 21:20:58 cats kernel: [    1.968553] ahci 0000:00:1f.2: version 3.0
May 15 21:20:58 cats kernel: [    1.947849] ACPI: Thermal Zone [TZ01] (30 C)
May 15 21:20:58 cats kernel: [    1.947755] thermal LNXTHERM:01: registered as thermal_zone1
May 15 21:20:58 vespa kernel: [    1.947458] ACPI: Thermal Zone [TZ00] (28 C)
May 15 21:20:58 ank-morpork kernel: [    1.946305] hub 4-0:1.0: 4 ports detected
May 15 21:20:58 vespa kernel: [    1.946293] hub 4-0:1.0: USB hub found
May 15 21:20:58 alien kernel: [    1.946272] xHCI xhci_check_bandwidth called for root hub
May 15 21:20:58 ank-morpork kernel: [    1.946270] xHCI xhci_add_endpoint called for root hub
May 15 21:20:58 alien kernel: [    1.946199] usb usb4: SerialNumber: 0000:00:14.0
May 15 21:20:58 cats kernel: [    1.946198] usb usb4: Manufacturer: Linux 3.2.0-4-amd64 xhci_hcd
May 15 21:20:58 vespa kernel: [    1.946196] usb usb4: Product: xHCI Host Controller
May 15 21:20:58 vespa kernel: [    1.946195] usb usb4: New USB device strings: Mfr=3, Product=2, SerialNumber=1
May 15 21:20:58 alien kernel: [    1.946193] usb usb4: New USB device found, idVendor=1d6b, idProduct=0003
May 15 21:20:58 alien kernel: [    1.946166] xhci_hcd 0000:00:14.0: new USB bus registered, assigned bus number 4
May 15 21:20:58 ank-morpork kernel: [    1.946161] xhci_hcd 0000:00:14.0: xHCI Host Controller
May 15 21:20:58 cats kernel: [    1.946095] hub 3-0:1.0: 4 ports detected
May 15 21:20:58 cats kernel: [    1.946082] hub 3-0:1.0: USB hub found
May 15 21:20:58 alien kernel: [    1.946058] xHCI xhci_check_bandwidth called for root hub
May 15 21:20:58 vespa kernel: [    1.946056] xHCI xhci_add_endpoint called for root hub
May 15 21:20:58 ank-morpork kernel: [    1.945954] usb usb3: SerialNumber: 0000:00:14.0
May 15 21:20:58 vespa kernel: [    1.945953] usb usb3: Manufacturer: Linux 3.2.0-4-amd64 xhci_hcd
May 15 21:20:58 vespa kernel: [    1.945951] usb usb3: Product: xHCI Host Controller
May 15 21:20:58 cats kernel: [    1.945950] usb usb3: New USB device strings: Mfr=3, Product=2, SerialNumber=1
May 15 21:20:58 cats kernel: [    1.945948] usb usb3: New USB device found, idVendor=1d6b, idProduct=0002
May 15 21:20:58 alien kernel: [    1.945873] xhci_hcd 0000:00:14.0: irq 42 for MSI/MSI-X
May 15 21:20:58 cats kernel: [    1.945785] xhci_hcd 0000:00:14.0: irq 21, io mem 0xce400000
May 15 21:20:58 ank-morpork kernel: [    1.945769] xhci_hcd 0000:00:14.0: cache line size of 64 is not supported
May 15 21:20:58 alien kernel: [    1.945587] xhci_hcd 0000:00:14.0: new USB bus registered, assigned bus number 3
May 15 21:20:58 alien kernel: [    1.945575] xhci_hcd 0000:00:14.0: xHCI Host Controller
May 15 21:20:58 cats kernel: [    1.945571] xhci_hcd 0000:00:14.0: setting latency timer to 64
May 15 21:20:58 vespa kernel: [    1.945393] hub 2-0:1.0: 2 ports detected
May 15 21:20:58 alien kernel: [    1.945384] hub 2-0:1.0: USB hub found
May 15 21:20:58 ank-morpork kernel: [    1.945351] thermal LNXTHERM:00: registered as thermal_zone0
May 15 21:20:58 alien kernel: [    1.945063] usb usb2: SerialNumber: 0000:00:1d.0
May 15 21:20:58 vespa kernel: [    1.944968] usb usb2: Manufacturer: Linux 3.2.0-4-amd64 ehci_hcd
May 15 21:20:58 vespa kernel: [    1.944879] usb usb2: Product: EHCI Host Controller
May 15 21:20:58 alien kernel: [    1.944765] usb usb2: New USB device strings: Mfr=3, Product=2, SerialNumber=1
May 15 21:20:58 ank-morpork kernel: [    1.944672] usb usb2: New USB device found, idVendor=1d6b, idProduct=0002
May 15 21:20:58 vespa kernel: [    1.944524] ehci_hcd 0000:00:1d.0: USB 2.0 started, EHCI 1.00
May 15 21:20:58 cats kernel: [    1.929982] ehci_hcd 0000:00:1d.0: irq 23, io mem 0xce418000
May 15 21:20:58 vespa kernel: [    1.929964] ehci_hcd 0000:00:1d.0: cache line size of 64 is not supported
May 15 21:20:58 cats kernel: [    1.925978] ehci_hcd 0000:00:1d.0: debug port 2
May 15 21:20:58 cats kernel: [    1.925827] ehci_hcd 0000:00:1d.0: new USB bus registered, assigned bus number 2
May 15 21:20:58 alien kernel: [    1.925726] ehci_hcd 0000:00:1d.0: EHCI Host Controller
May 15 21:20:58 cats kernel: [    1.925721] ehci_hcd 0000:00:1d.0: setting latency timer to 64
May 15 21:20:58 cats kernel: [    1.925513] hub 1-0:1.0: 2 ports detected
May 15 21:20:58 vespa kernel: [    1.925418] hub 1-0:1.0: USB hub found
May 15 21:20:58 cats kernel: [    1.925152] usb usb1: SerialNumber: 0000:00:1a.0
May 15 21:20:58 ank-morpork kernel: [    1.925051] usb usb1: Manufacturer: Linux 3.2.0-4-amd64 ehci_hcd
May 15 21:20:58 alien kernel: [    1.924953] usb usb1: Product: EHCI Host Controller
May 15 21:20:58 alien kernel: [    1.924825] usb usb1: New USB device strings: Mfr=3, Product=2, SerialNumber=1
May 15 21:20:58 cats kernel: [    1.924727] usb usb1: New USB device found, idVendor=1d6b, idProduct=0002
May 15 21:20:58 alien kernel: [    1.924434] ehci_hcd 0000:00:1a.0: USB 2.0 started, EHCI 1.00
May 15 21:20:58 cats kernel: [    1.923977] libata version 3.00 loaded.
May 15 21:20:58 vespa kernel: [    1.922314] SCSI subsystem initialized
May 15 21:20:58 vespa kernel: [    1.910101] mmc0: SDHCI controller on PCI [0000:0a:00.1] using DMA
May 15 21:20:58 alien kernel: [    1.909775] ehci_hcd 0000:00:1a.0: irq 16, io mem 0xce419000
May 15 21:20:58 alien kernel: [    1.909530] ehci_hcd 0000:00:1a.0: cache line size of 64 is not supported
May 15 21:20:58 alien kernel: [    1.909047] Registered led device: mmc0::
May 15 21:20:58 vespa kernel: [    1.908904] mmc0: no vmmc regulator found
May 15 21:20:58 alien kernel: [    1.908876] sdhci-pci 0000:0a:00.1: setting latency timer to 64
May 15 21:20:58 ank-morpork kernel: [    1.908729] sdhci-pci 0000:0a:00.1: Will use DMA mode even though HW doesn't fully claim to support it.
May 15 21:20:58 ank-morpork kernel: [    1.908542] sdhci-pci 0000:0a:00.1: SDHCI controller found [10ec:5209] (rev 1)
May 15 21:20:58 cats kernel: [    1.908109] sdhci: Copyright(c) Pierre Ossman
May 15 21:20:58 ank-morpork kernel: [    1.908003] sdhci: Secure Digital Host Controller Interface driver
May 15 21:20:58 cats kernel: [    1.905548] ehci_hcd 0000:00:1a.0: debug port 2
May 15 21:20:58 alien kernel: [    1.905394] ehci_hcd 0000:00:1a.0: new USB bus registered, assigned bus number 1
May 15 21:20:58 alien kernel: [    1.905271] ehci_hcd 0000:00:1a.0: EHCI Host Controller
May 15 21:20:58 alien kernel: [    1.905265] ehci_hcd 0000:00:1a.0: setting latency timer to 64
May 15 21:20:58 vespa kernel: [    1.905120] ehci_hcd: USB 2.0 'Enhanced' Host Controller (EHCI) Driver
May 15 21:20:58 cats kernel: [    1.904616] usbcore: registered new device driver usb
May 15 21:20:58 ank-morpork kernel: [    1.903848] usbcore: registered new interface driver hub
May 15 21:20:58 cats kernel: [    1.903729] usbcore: registered new interface driver usbfs
May 15 21:20:58 vespa kernel: [    1.903395] ACPI: Fan [FAN4] (off)
May 15 21:20:58 vespa kernel: [    1.903267] ACPI: Fan [FAN3] (off)
May 15 21:20:58 cats kernel: [    1.902888] ACPI: Fan [FAN2] (off)
May 15 21:20:58 cats kernel: [    1.902749] ACPI: Fan [FAN1] (off)
May 15 21:20:58 ank-morpork kernel: [    1.902610] ACPI: Fan [FAN0] (off)
May 15 21:20:58 alien kernel: [    1.899912] atl1c 0000:08:00.0: setting latency timer to 64
May 15 21:20:58 ank-morpork kernel: [    1.867472] input: AT Translated Set 2 keyboard as /devices/platform/i8042/serio0/input/input0
May 15 21:20:58 cats kernel: [    1.831069] Freeing unused kernel memory: 680k freed
May 15 21:20:58 alien kernel: [    1.828816] Freeing unused kernel memory: 660k freed
May 15 21:20:58 vespa kernel: [    1.826562] Write protecting the kernel read-only data: 6144k
May 15 21:20:58 cats kernel: [    1.826421] Freeing unused kernel memory: 576k freed
May 15 21:20:58 alien kernel: [    1.825294] Initializing network drop monitor service
May 15 21:20:58 vespa kernel: [    1.825136] rtc_cmos 00:06: setting system clock to 2013-05-15 19:20:40 UTC (1368645640)
May 15 21:20:58 vespa kernel: [    1.824338] registered taskstats version 1
May 15 21:20:58 cats kernel: [    1.824328] PM: Hibernation image not present or could not be loaded.
May 15 21:20:58 alien kernel: [    1.823982] Registering the dns_resolver key type
May 15 21:20:58 vespa kernel: [    1.823900] NET: Registered protocol family 17
May 15 21:20:58 vespa kernel: [    1.823822] Mobile IPv6
May 15 21:20:58 alien kernel: [    1.823221] NET: Registered protocol family 10
May 15 21:20:58 cats kernel: [    1.822935] TCP cubic registered
May 15 21:20:58 vespa kernel: [    1.822695] cpuidle: using governor menu
May 15 21:20:58 vespa kernel: [    1.822436] cpuidle: using governor ladder
May 15 21:20:58 vespa kernel: [    1.822211] rtc0: alarms up to one month, 242 bytes nvram, hpet irqs
May 15 21:20:58 vespa kernel: [    1.822097] rtc_cmos 00:06: rtc core: registered rtc_cmos as rtc0
May 15 21:20:58 cats kernel: [    1.821914] rtc_cmos 00:06: RTC can wake from S4
May 15 21:20:58 alien kernel: [    1.819861] mousedev: PS/2 mouse device common for all mice
May 15 21:20:58 alien kernel: [    1.819696] serio: i8042 AUX port at 0x60,0x64 irq 12
May 15 21:20:58 ank-morpork kernel: [    1.819607] serio: i8042 KBD port at 0x60,0x64 irq 1
May 15 21:20:58 vespa kernel: [    1.773162] i8042: PNP: PS/2 Controller [PNP0303:PS2K,PNP0f13:PS2M] at 0x60,0x64 irq 1,12
May 15 21:20:58 vespa kernel: [    1.772890] Linux agpgart interface v0.103
May 15 21:20:58 cats kernel: [    1.582016] Serial: 8250/16550 driver, 4 ports, IRQ sharing enabled
May 15 21:20:58 alien kernel: [    1.576357] GHES: HEST is not enabled!
May 15 21:20:58 alien kernel: [    1.576277] ERST: Table is not found!
May 15 21:20:58 cats kernel: [    1.576238] intel_idle: lapic_timer_reliable_states 0xffffffff
May 15 21:20:58 ank-morpork kernel: [    1.576237] intel_idle: v0.4 model 0x3A
May 15 21:20:58 alien kernel: [    1.576235] intel_idle: MWAIT substates: 0x21120
May 15 21:20:58 alien kernel: [    1.576042] acpiphp: Slot [1] registered
May 15 21:20:58 cats kernel: [    1.575734] acpiphp: ACPI Hot Plug PCI Controller Driver version: 0.5
May 15 21:20:58 vespa kernel: [    1.575645] pciehp: PCI Express Hot Plug Controller Driver version: 0.4
May 15 21:20:58 cats kernel: [    1.575545] pci_hotplug: PCI Hot Plug PCI Core version: 0.5
May 15 21:20:58 cats kernel: [    1.575298] pcieport 0000:00:01.1: irq 41 for MSI/MSI-X
May 15 21:20:58 ank-morpork kernel: [    1.575279] pcieport 0000:00:01.1: setting latency timer to 64
May 15 21:20:58 cats kernel: [    1.575241] pcieport 0000:00:01.0: irq 40 for MSI/MSI-X
May 15 21:20:58 ank-morpork kernel: [    1.575217] pcieport 0000:00:01.0: setting latency timer to 64
May 15 21:20:58 alien kernel: [    1.575056] io scheduler cfq registered (default)
May 15 21:20:58 cats kernel: [    1.574947] io scheduler deadline registered
May 15 21:20:58 ank-morpork kernel: [    1.574867] io scheduler noop registered
May 15 21:20:58 cats kernel: [    1.574754] Block layer SCSI generic (bsg) driver version 0.4 loaded (major 253)
May 15 21:20:58 alien kernel: [    1.574642] alg: No test for stdrng (krng)
May 15 21:20:58 ank-morpork kernel: [    1.574402] msgmni has been set to 11909
May 15 21:20:58 ank-morpork kernel: [    1.574247] Dquot-cache hash table entries: 512 (order 0, 4096 bytes)
May 15 21:20:58 vespa kernel: [    1.574131] VFS: Disk quotas dquot_6.5.2
May 15 21:20:58 ank-morpork kernel: [    1.573369] HugeTLB registered 2 MB page size, pre-allocated 0 pages
May 15 21:20:58 cats kernel: [    1.559223] type=2000 audit(1368645639.332:1): initialized
May 15 21:20:58 alien kernel: [    1.559131] audit: initializing netlink socket (disabled)
May 15 21:20:58 alien kernel: [    1.558417] Simple Boot Flag at 0x44 set to 0x1
May 15 21:20:58 cats kernel: [    1.558318] software IO TLB at phys 0xab2ba000 - 0xaf2ba000
May 15 21:20:58 vespa kernel: [    1.558206] Placing 64MB software IO TLB between ffff8800ab2ba000 - ffff8800af2ba000
May 15 21:20:58 vespa kernel: [    1.558117] PCI-DMA: Using software bounce buffering for IO (SWIOTLB)
May 15 21:20:58 cats kernel: [    1.556798] Freeing initrd memory: 12128k freed
May 15 21:20:58 cats kernel: [    1.320862] Unpacking initramfs...
May 15 21:20:58 alien kernel: [    1.320822] PCI: CLS 64 bytes, default 64
May 15 21:20:58 vespa kernel: [    1.320760] pci 0000:01:00.0: Boot video device
May 15 21:20:58 vespa kernel: [    1.290206] NET: Registered protocol family 1
May 15 21:20:58 ank-morpork kernel: [    1.289998] UDP-Lite hash table entries: 4096 (order: 5, 131072 bytes)
May 15 21:20:58 vespa kernel: [    1.289884] UDP hash table entries: 4096 (order: 5, 131072 bytes)
May 15 21:20:58 alien kernel: [    1.289795] TCP reno registered
May 15 21:20:58 ank-morpork kernel: [    1.289705] TCP: Hash tables configured (established 524288 bind 65536)
May 15 21:20:58 cats kernel: [    1.289500] TCP bind hash table entries: 65536 (order: 8, 1048576 bytes)
May 15 21:20:58 ank-morpork kernel: [    1.288340] TCP established hash table entries: 524288 (order: 11, 8388608 bytes)
May 15 21:20:58 alien kernel: [    1.287474] IP route cache hash table entries: 262144 (order: 9, 2097152 bytes)
May 15 21:20:58 vespa kernel: [    1.287215] NET: Registered protocol family 2
May 15 21:20:58 alien kernel: [    1.287123] pci_bus 0000:0b: resource 2 [mem 0xcf000000-0xcfffffff 64bit pref]
May 15 21:20:58 ank-morpork kernel: [    1.287121] pci_bus 0000:0b: resource 1 [mem 0xd4000000-0xd4ffffff]
May 15 21:20:58 vespa kernel: [    1.287119] pci_bus 0000:0b: resource 0 [io  0x2000-0x2fff]
May 15 21:20:58 cats kernel: [    1.287117] pci_bus 0000:0a: resource 1 [mem 0xce100000-0xce1fffff]
May 15 21:20:58 alien kernel: [    1.287115] pci_bus 0000:09: resource 1 [mem 0xce200000-0xce2fffff]
May 15 21:20:58 ank-morpork kernel: [    1.287113] pci_bus 0000:08: resource 1 [mem 0xce300000-0xce3fffff]
May 15 21:20:58 ank-morpork kernel: [    1.287111] pci_bus 0000:08: resource 0 [io  0x3000-0x3fff]
May 15 21:20:58 cats kernel: [    1.287109] pci_bus 0000:07: resource 2 [mem 0xc0000000-0xcbffffff 64bit pref]
May 15 21:20:58 alien kernel: [    1.287107] pci_bus 0000:07: resource 1 [mem 0xcc000000-0xce0fffff]
May 15 21:20:58 ank-morpork kernel: [    1.287105] pci_bus 0000:07: resource 0 [io  0x4000-0x4fff]
May 15 21:20:58 vespa kernel: [    1.287103] pci_bus 0000:01: resource 2 [mem 0xb0000000-0xbfffffff 64bit pref]
May 15 21:20:58 ank-morpork kernel: [    1.287101] pci_bus 0000:01: resource 1 [mem 0xd0000000-0xd3ffffff]
May 15 21:20:58 vespa kernel: [    1.287099] pci_bus 0000:01: resource 0 [io  0x5000-0x5fff]
May 15 21:20:58 cats kernel: [    1.287097] pci_bus 0000:00: resource 7 [mem 0xb0000000-0xfeafffff]
May 15 21:20:58 cats kernel: [    1.287095] pci_bus 0000:00: resource 6 [mem 0x000a0000-0x000bffff]
May 15 21:20:58 cats kernel: [    1.287093] pci_bus 0000:00: resource 5 [io  0x0d00-0xffff]
May 15 21:20:58 alien kernel: [    1.287092] pci_bus 0000:00: resource 4 [io  0x0000-0x0cf7]
May 15 21:20:58 vespa kernel: [    1.287087] pci 0000:00:1c.4: setting latency timer to 64
May 15 21:20:58 vespa kernel: [    1.287077] pci 0000:00:1c.3: setting latency timer to 64
May 15 21:20:58 vespa kernel: [    1.287066] pci 0000:00:1c.2: setting latency timer to 64
May 15 21:20:58 vespa kernel: [    1.287055] pci 0000:00:1c.0: setting latency timer to 64
May 15 21:20:58 vespa kernel: [    1.287044] pci 0000:00:01.1: setting latency timer to 64
May 15 21:20:58 alien kernel: [    1.287039] pci 0000:00:01.0: setting latency timer to 64
May 15 21:20:58 ank-morpork kernel: [    1.286913] pci 0000:00:1c.4:   bridge window [mem 0xcf000000-0xcfffffff 64bit pref]
May 15 21:20:58 vespa kernel: [    1.286821] pci 0000:00:1c.4:   bridge window [mem 0xd4000000-0xd4ffffff]
May 15 21:20:58 alien kernel: [    1.286729] pci 0000:00:1c.4:   bridge window [io  0x2000-0x2fff]
May 15 21:20:58 cats kernel: [    1.286644] pci 0000:00:1c.4: PCI bridge to [bus 0b-10]
May 15 21:20:58 cats kernel: [    1.286549] pci 0000:00:1c.3:   bridge window [mem 0xce100000-0xce1fffff]
May 15 21:20:58 cats kernel: [    1.286460] pci 0000:00:1c.3: PCI bridge to [bus 0a-0a]
May 15 21:20:58 alien kernel: [    1.286365] pci 0000:00:1c.2:   bridge window [mem 0xce200000-0xce2fffff]
May 15 21:20:58 alien kernel: [    1.286278] pci 0000:00:1c.2: PCI bridge to [bus 09-09]
May 15 21:20:58 vespa kernel: [    1.286184] pci 0000:00:1c.0:   bridge window [mem 0xce300000-0xce3fffff]
May 15 21:20:58 ank-morpork kernel: [    1.286094] pci 0000:00:1c.0:   bridge window [io  0x3000-0x3fff]
May 15 21:20:58 vespa kernel: [    1.286009] pci 0000:00:1c.0: PCI bridge to [bus 08-08]
May 15 21:20:58 alien kernel: [    1.285895] pci 0000:00:01.1:   bridge window [mem 0xc0000000-0xcbffffff 64bit pref]
May 15 21:20:58 ank-morpork kernel: [    1.285807] pci 0000:00:01.1:   bridge window [mem 0xcc000000-0xce0fffff]
May 15 21:20:58 cats kernel: [    1.285718] pci 0000:00:01.1:   bridge window [io  0x4000-0x4fff]
May 15 21:20:58 vespa kernel: [    1.285632] pci 0000:00:01.1: PCI bridge to [bus 07-07]
May 15 21:20:58 vespa kernel: [    1.285522] pci 0000:07:00.0: BAR 6: assigned [mem 0xce080000-0xce0fffff pref]
May 15 21:20:58 vespa kernel: [    1.285409] pci 0000:00:01.0:   bridge window [mem 0xb0000000-0xbfffffff 64bit pref]
May 15 21:20:58 alien kernel: [    1.285318] pci 0000:00:01.0:   bridge window [mem 0xd0000000-0xd3ffffff]
May 15 21:20:58 alien kernel: [    1.285230] pci 0000:00:01.0:   bridge window [io  0x5000-0x5fff]
May 15 21:20:58 alien kernel: [    1.285145] pci 0000:00:01.0: PCI bridge to [bus 01-06]
May 15 21:20:58 vespa kernel: [    1.285033] pci 0000:01:00.0: BAR 6: assigned [mem 0xbc000000-0xbc07ffff pref]
May 15 21:20:58 vespa kernel: [    1.284989] PCI: max bus depth: 1 pci_try_num: 2
May 15 21:20:58 cats kernel: [    1.284871] pci 0000:07:00.0: no compatible bridge window for [mem 0xfff80000-0xffffffff pref]
May 15 21:20:58 alien kernel: [    1.284756] pci 0000:01:00.0: no compatible bridge window for [mem 0xfff80000-0xffffffff pref]
May 15 21:20:58 ank-morpork kernel: [    1.278325] ACPI: ACPI bus type pnp unregistered
May 15 21:20:58 cats kernel: [    1.278243] pnp: PnP ACPI: found 12 devices
May 15 21:20:58 vespa kernel: [    1.277976] system 00:0b: Plug and Play ACPI device, IDs PNP0c02 (active)
May 15 21:20:58 alien kernel: [    1.277887] system 00:0b: [mem 0xd5000000-0xd5000fff] has been reserved
May 15 21:20:58 cats kernel: [    1.277797] system 00:0b: [mem 0xfee00000-0xfeefffff] could not be reserved
May 15 21:20:58 ank-morpork kernel: [    1.277707] system 00:0b: [mem 0xff010000-0xffffffff] could not be reserved
May 15 21:20:58 alien kernel: [    1.277619] system 00:0b: [mem 0xff000000-0xff000fff] has been reserved
May 15 21:20:58 alien kernel: [    1.277529] system 00:0b: [mem 0xfed90000-0xfed93fff] has been reserved
May 15 21:20:58 alien kernel: [    1.277441] system 00:0b: [mem 0xfed20000-0xfed3ffff] has been reserved
May 15 21:20:58 alien kernel: [    1.277352] system 00:0b: [mem 0xe0000000-0xefffffff] has been reserved
May 15 21:20:58 vespa kernel: [    1.277264] system 00:0b: [mem 0xfed19000-0xfed19fff] has been reserved
May 15 21:20:58 ank-morpork kernel: [    1.277175] system 00:0b: [mem 0xfed18000-0xfed18fff] has been reserved
May 15 21:20:58 ank-morpork kernel: [    1.277086] system 00:0b: [mem 0xfed10000-0xfed17fff] has been reserved
May 15 21:20:58 alien kernel: [    1.276998] system 00:0b: [mem 0xfed1c000-0xfed1ffff] has been reserved
May 15 21:20:58 ank-morpork kernel: [    1.276949] pnp 00:0b: [mem 0xd5000000-0xd5000fff]
May 15 21:20:58 ank-morpork kernel: [    1.276948] pnp 00:0b: [mem 0xfee00000-0xfeefffff]
May 15 21:20:58 alien kernel: [    1.276946] pnp 00:0b: [mem 0xff010000-0xffffffff]
May 15 21:20:58 vespa kernel: [    1.276944] pnp 00:0b: [mem 0xff000000-0xff000fff]
May 15 21:20:58 cats kernel: [    1.276943] pnp 00:0b: [mem 0xfed90000-0xfed93fff]
May 15 21:20:58 alien kernel: [    1.276941] pnp 00:0b: [mem 0xfed20000-0xfed3ffff]
May 15 21:20:58 cats kernel: [    1.276939] pnp 00:0b: [mem 0xe0000000-0xefffffff]
May 15 21:20:58 alien kernel: [    1.276938] pnp 00:0b: [mem 0xfed19000-0xfed19fff]
May 15 21:20:58 alien kernel: [    1.276936] pnp 00:0b: [mem 0xfed18000-0xfed18fff]
May 15 21:20:58 cats kernel: [    1.276934] pnp 00:0b: [mem 0xfed10000-0xfed17fff]
May 15 21:20:58 vespa kernel: [    1.276932] pnp 00:0b: [mem 0xfed1c000-0xfed1ffff]
May 15 21:20:58 alien kernel: [    1.276831] pnp 00:0a: Plug and Play ACPI device, IDs SMO8810 (active)
May 15 21:20:58 ank-morpork kernel: [    1.276795] pnp 00:0a: [irq 20]
May 15 21:20:58 vespa kernel: [    1.216161] pnp 00:09: Plug and Play ACPI device, IDs DLL0550 PNP0f13 (active)
May 15 21:20:58 alien kernel: [    1.216139] pnp 00:09: [irq 12]
May 15 21:20:58 vespa kernel: [    1.216123] pnp 00:08: Plug and Play ACPI device, IDs PNP0303 (active)
May 15 21:20:58 cats kernel: [    1.216103] pnp 00:08: [irq 1]
May 15 21:20:58 alien kernel: [    1.216098] pnp 00:08: [io  0x0064]
May 15 21:20:58 alien kernel: [    1.216097] pnp 00:08: [io  0x0060]
May 15 21:20:58 vespa kernel: [    1.216082] system 00:07: Plug and Play ACPI device, IDs INT3f0d PNP0c02 (active)
May 15 21:20:58 cats kernel: [    1.215994] system 00:07: [io  0x0454-0x0457] has been reserved
May 15 21:20:58 cats kernel: [    1.215959] pnp 00:07: [io  0x0454-0x0457]
May 15 21:20:58 alien kernel: [    1.215934] pnp 00:06: Plug and Play ACPI device, IDs PNP0b00 (active)
May 15 21:20:58 alien kernel: [    1.215913] pnp 00:06: [irq 8]
May 15 21:20:58 ank-morpork kernel: [    1.215907] pnp 00:06: [io  0x0070-0x0077]
May 15 21:20:58 vespa kernel: [    1.215897] system 00:05: Plug and Play ACPI device, IDs PNP0c02 (active)
May 15 21:20:58 ank-morpork kernel: [    1.215786] system 00:05: [io  0xfd60-0xfd63] has been reserved
May 15 21:20:58 ank-morpork kernel: [    1.215699] system 00:05: [io  0x164e-0x164f] has been reserved
May 15 21:20:58 alien kernel: [    1.215612] system 00:05: [io  0x0500-0x057f] has been reserved
May 15 21:20:58 ank-morpork kernel: [    1.215526] system 00:05: [io  0x0458-0x047f] has been reserved
May 15 21:20:58 alien kernel: [    1.215439] system 00:05: [io  0x0400-0x0453] has been reserved
May 15 21:20:58 alien kernel: [    1.215341] system 00:05: [io  0xffff] has been reserved
May 15 21:20:58 vespa kernel: [    1.215255] system 00:05: [io  0xffff] has been reserved
May 15 21:20:58 vespa kernel: [    1.215169] system 00:05: [io  0x1000-0x100f] has been reserved
May 15 21:20:58 vespa kernel: [    1.215082] system 00:05: [io  0x0680-0x069f] has been reserved
May 15 21:20:58 ank-morpork kernel: [    1.215040] pnp 00:05: [io  0xfd60-0xfd63]
May 15 21:20:58 cats kernel: [    1.215038] pnp 00:05: [io  0x164e-0x164f]
May 15 21:20:58 ank-morpork kernel: [    1.215037] pnp 00:05: [io  0x0500-0x057f]
May 15 21:20:58 cats kernel: [    1.215035] pnp 00:05: [io  0x0458-0x047f]
May 15 21:20:58 ank-morpork kernel: [    1.215034] pnp 00:05: [io  0x0400-0x0453]
May 15 21:20:58 cats kernel: [    1.215032] pnp 00:05: [io  0xffff]
May 15 21:20:58 ank-morpork kernel: [    1.215031] pnp 00:05: [io  0xffff]
May 15 21:20:58 vespa kernel: [    1.215029] pnp 00:05: [io  0x1000-0x100f]
May 15 21:20:58 ank-morpork kernel: [    1.215027] pnp 00:05: [io  0x0680-0x069f]
May 15 21:20:58 vespa kernel: [    1.215026] pnp 00:05: [io  0x00b2-0x00b3]
May 15 21:20:58 cats kernel: [    1.215024] pnp 00:05: [io  0x0092]
May 15 21:20:58 ank-morpork kernel: [    1.215023] pnp 00:05: [io  0x0080]
May 15 21:20:58 cats kernel: [    1.215022] pnp 00:05: [io  0x0070]
May 15 21:20:58 vespa kernel: [    1.215020] pnp 00:05: [io  0x0067]
May 15 21:20:58 vespa kernel: [    1.215019] pnp 00:05: [io  0x0065]
May 15 21:20:58 ank-morpork kernel: [    1.215017] pnp 00:05: [io  0x0063]
May 15 21:20:58 vespa kernel: [    1.215016] pnp 00:05: [io  0x0061]
May 15 21:20:58 ank-morpork kernel: [    1.215014] pnp 00:05: [io  0x004e-0x004f]
May 15 21:20:58 ank-morpork kernel: [    1.215013] pnp 00:05: [io  0x002e-0x002f]
May 15 21:20:58 vespa kernel: [    1.215003] pnp 00:04: Plug and Play ACPI device, IDs PNP0c04 (active)
May 15 21:20:58 alien kernel: [    1.214984] pnp 00:04: [irq 13]
May 15 21:20:58 ank-morpork kernel: [    1.214977] pnp 00:04: [io  0x00f0]
May 15 21:20:58 ank-morpork kernel: [    1.214969] pnp 00:03: Plug and Play ACPI device, IDs PNP0103 (active)
May 15 21:20:58 ank-morpork kernel: [    1.214948] pnp 00:03: [mem 0xfed00000-0xfed003ff]
May 15 21:20:58 ank-morpork kernel: [    1.214881] pnp 00:02: Plug and Play ACPI device, IDs INT0800 (active)
May 15 21:20:58 cats kernel: [    1.214862] pnp 00:02: [mem 0xff010000-0xffffffff]
May 15 21:20:58 ank-morpork kernel: [    1.214855] pnp 00:01: Plug and Play ACPI device, IDs PNP0200 (active)
May 15 21:20:58 ank-morpork kernel: [    1.214834] pnp 00:01: [dma 4]
May 15 21:20:58 cats kernel: [    1.214832] pnp 00:01: [io  0x00c0-0x00df]
May 15 21:20:58 cats kernel: [    1.214831] pnp 00:01: [io  0x0093-0x009f]
May 15 21:20:58 vespa kernel: [    1.214829] pnp 00:01: [io  0x0081-0x0091]
May 15 21:20:58 cats kernel: [    1.214827] pnp 00:01: [io  0x0000-0x001f]
May 15 21:20:58 alien kernel: [    1.214816] pnp 00:00: Plug and Play ACPI device, IDs PNP0a08 PNP0a03 (active)
May 15 21:20:58 ank-morpork kernel: [    1.214768] pnp 00:00: [mem 0x00010000-0x0001ffff window]
May 15 21:20:58 cats kernel: [    1.214765] pnp 00:00: [mem 0xb0000000-0xfeafffff window]
May 15 21:20:58 ank-morpork kernel: [    1.214763] pnp 00:00: [mem 0x000f0000-0x000fffff window]
May 15 21:20:58 alien kernel: [    1.214761] pnp 00:00: [mem 0x000ec000-0x000effff window]
May 15 21:20:58 vespa kernel: [    1.214760] pnp 00:00: [mem 0x000e8000-0x000ebfff window]
May 15 21:20:58 cats kernel: [    1.214758] pnp 00:00: [mem 0x000e4000-0x000e7fff window]
May 15 21:20:58 alien kernel: [    1.214756] pnp 00:00: [mem 0x000e0000-0x000e3fff window]
May 15 21:20:58 ank-morpork kernel: [    1.214754] pnp 00:00: [mem 0x000dc000-0x000dffff window]
May 15 21:20:58 vespa kernel: [    1.214752] pnp 00:00: [mem 0x000d8000-0x000dbfff window]
May 15 21:20:58 cats kernel: [    1.214751] pnp 00:00: [mem 0x000d4000-0x000d7fff window]
May 15 21:20:58 cats kernel: [    1.214749] pnp 00:00: [mem 0x000d0000-0x000d3fff window]
May 15 21:20:58 alien kernel: [    1.214747] pnp 00:00: [mem 0x000cc000-0x000cffff window]
May 15 21:20:58 cats kernel: [    1.214745] pnp 00:00: [mem 0x000c8000-0x000cbfff window]
May 15 21:20:58 vespa kernel: [    1.214743] pnp 00:00: [mem 0x000c4000-0x000c7fff window]
May 15 21:20:58 vespa kernel: [    1.214742] pnp 00:00: [mem 0x000c0000-0x000c3fff window]
May 15 21:20:58 cats kernel: [    1.214740] pnp 00:00: [mem 0x000a0000-0x000bffff window]
May 15 21:20:58 alien kernel: [    1.214738] pnp 00:00: [io  0x0d00-0xffff window]
May 15 21:20:58 cats kernel: [    1.214736] pnp 00:00: [io  0x0cf8-0x0cff]
May 15 21:20:58 alien kernel: [    1.214734] pnp 00:00: [io  0x0000-0x0cf7 window]
May 15 21:20:58 cats kernel: [    1.214732] pnp 00:00: [bus 00-fe]
May 15 21:20:58 vespa kernel: [    1.214360] ACPI: bus type pnp registered
May 15 21:20:58 alien kernel: [    1.214272] pnp: PnP ACPI init
May 15 21:20:58 vespa kernel: [    1.212734] Switching to clocksource hpet
May 15 21:20:58 ank-morpork kernel: [    1.210632] hpet0: 8 comparators, 64-bit 14.318180 MHz counter
May 15 21:20:58 vespa kernel: [    1.210098] hpet0: at MMIO 0xfed00000, IRQs 2, 8, 0, 0, 0, 0, 0, 0
May 15 21:20:58 vespa kernel: [    1.210008] reserve RAM buffer: 00000001cf000000 - 00000001cfffffff
May 15 21:20:58 cats kernel: [    1.210006] reserve RAM buffer: 00000000af800000 - 00000000afffffff
May 15 21:20:58 ank-morpork kernel: [    1.210004] reserve RAM buffer: 00000000af2bf000 - 00000000afffffff
May 15 21:20:58 vespa kernel: [    1.210002] reserve RAM buffer: 0000000000091c00 - 000000000009ffff
May 15 21:20:58 alien kernel: [    1.209852] PCI: pci_cache_line_size set to 64 bytes
May 15 21:20:58 vespa kernel: [    1.203263] PCI: Using ACPI for IRQ routing
May 15 21:20:58 cats kernel: [    1.203148] vgaarb: bridge control possible 0000:01:00.0
May 15 21:20:58 vespa kernel: [    1.203064] vgaarb: bridge control possible 0000:07:00.0
May 15 21:20:58 alien kernel: [    1.202987] vgaarb: loaded
May 15 21:20:58 cats kernel: [    1.202874] vgaarb: device added: PCI:0000:07:00.0,decodes=io+mem,owns=none,locks=none
May 15 21:20:58 vespa kernel: [    1.202759] vgaarb: device added: PCI:0000:01:00.0,decodes=io+mem,owns=io+mem,locks=none
May 15 21:20:58 alien kernel: [    1.201932] ACPI: PCI Interrupt Link [LNKH] (IRQs 1 3 4 5 6 10 11 12 14 15) *7
May 15 21:20:58 ank-morpork kernel: [    1.201212] ACPI: PCI Interrupt Link [LNKG] (IRQs 1 3 4 5 6 10 *11 12 14 15)
May 15 21:20:58 cats kernel: [    1.200494] ACPI: PCI Interrupt Link [LNKF] (IRQs 1 3 4 5 6 *10 11 12 14 15)
May 15 21:20:58 cats kernel: [    1.199656] ACPI: PCI Interrupt Link [LNKE] (IRQs 1 3 4 5 6 10 11 12 14 15) *0, disabled.
May 15 21:20:58 vespa kernel: [    1.198932] ACPI: PCI Interrupt Link [LNKD] (IRQs 1 3 4 5 6 *10 11 12 14 15)
May 15 21:20:58 cats kernel: [    1.198214] ACPI: PCI Interrupt Link [LNKC] (IRQs 1 3 4 5 6 10 *11 12 14 15)
May 15 21:20:58 alien kernel: [    1.197494] ACPI: PCI Interrupt Link [LNKB] (IRQs 1 3 4 5 6 *10 11 12 14 15)
May 15 21:20:58 cats kernel: [    1.196703] ACPI: PCI Interrupt Link [LNKA] (IRQs 1 3 4 5 6 10 11 12 14 15) *7
May 15 21:20:58 ank-morpork kernel: [    1.192397] ACPI _OSC control for PCIe not granted, disabling ASPM
May 15 21:20:58 cats kernel: [    1.192284]  pci0000:00: ACPI _OSC request failed (AE_ERROR), returned control mask: 0x1d
May 15 21:20:58 vespa kernel: [    1.192281] _OSC request data:1 0 1d
May 15 21:20:58 vespa kernel: [    1.192279] \_SB_.PCI0:_OSC invalid UUID
May 15 21:20:58 cats kernel: [    1.192151]  pci0000:00: Requesting ACPI _OSC control (0x1d)
May 15 21:20:58 vespa kernel: [    1.192147] _OSC request data:1 1f 1f
May 15 21:20:58 ank-morpork kernel: [    1.192146] \_SB_.PCI0:_OSC invalid UUID
May 15 21:20:58 ank-morpork kernel: [    1.192062] ACPI: PCI Interrupt Routing Table [\_SB_.PCI0.PEG1._PRT]
May 15 21:20:58 vespa kernel: [    1.192028] ACPI: PCI Interrupt Routing Table [\_SB_.PCI0.PEG0._PRT]
May 15 21:20:58 alien kernel: [    1.191982] ACPI: PCI Interrupt Routing Table [\_SB_.PCI0.RP05._PRT]
May 15 21:20:58 vespa kernel: [    1.191950] ACPI: PCI Interrupt Routing Table [\_SB_.PCI0.RP04._PRT]
May 15 21:20:58 alien kernel: [    1.191919] ACPI: PCI Interrupt Routing Table [\_SB_.PCI0.RP03._PRT]
May 15 21:20:58 cats kernel: [    1.191881] ACPI: PCI Interrupt Routing Table [\_SB_.PCI0.RP01._PRT]
May 15 21:20:58 alien kernel: [    1.191717] ACPI: PCI Interrupt Routing Table [\_SB_.PCI0._PRT]
May 15 21:20:58 vespa kernel: [    1.191689] pci 0000:00:1c.4:   bridge window [mem 0xcf000000-0xcfffffff 64bit pref]
May 15 21:20:58 vespa kernel: [    1.191680] pci 0000:00:1c.4:   bridge window [mem 0xd4000000-0xd4ffffff]
May 15 21:20:58 alien kernel: [    1.191675] pci 0000:00:1c.4:   bridge window [io  0x2000-0x2fff]
May 15 21:20:58 cats kernel: [    1.191588] pci 0000:00:1c.4: PCI bridge to [bus 0b-10]
May 15 21:20:58 ank-morpork kernel: [    1.191512] pci 0000:00:1c.3:   bridge window [mem 0xce100000-0xce1fffff]
May 15 21:20:58 alien kernel: [    1.191423] pci 0000:00:1c.3: PCI bridge to [bus 0a-0a]
May 15 21:20:58 alien kernel: [    1.184066] pci 0000:0a:00.1: PME# supported from D1 D2 D3hot
May 15 21:20:58 cats kernel: [    1.184065] pci 0000:0a:00.1: supports D1 D2
May 15 21:20:58 cats kernel: [    1.183898] pci 0000:0a:00.1: reg 10: [mem 0xce100000-0xce1000ff]
May 15 21:20:58 vespa kernel: [    1.183875] pci 0000:0a:00.1: [10ec:5209] type 0 class 0x000805
May 15 21:20:58 ank-morpork kernel: [    1.183820] pci 0000:0a:00.0: PME# supported from D1 D2 D3hot
May 15 21:20:58 ank-morpork kernel: [    1.183819] pci 0000:0a:00.0: supports D1 D2
May 15 21:20:58 ank-morpork kernel: [    1.183653] pci 0000:0a:00.0: reg 10: [mem 0xce101000-0xce101fff]
May 15 21:20:58 ank-morpork kernel: [    1.183632] pci 0000:0a:00.0: [10ec:5209] type 0 class 0x00ff00
May 15 21:20:58 cats kernel: [    1.183556] pci 0000:00:1c.2:   bridge window [mem 0xce200000-0xce2fffff]
May 15 21:20:58 vespa kernel: [    1.183467] pci 0000:00:1c.2: PCI bridge to [bus 09-09]
May 15 21:20:58 ank-morpork kernel: [    1.176919] pci 0000:09:00.0: PME# supported from D0 D3hot D3cold
May 15 21:20:58 alien kernel: [    1.176688] pci 0000:09:00.0: reg 10: [mem 0xce200000-0xce201fff 64bit]
May 15 21:20:58 cats kernel: [    1.176641] pci 0000:09:00.0: [8086:0887] type 0 class 0x000280
May 15 21:20:58 ank-morpork kernel: [    1.176505] pci 0000:00:1c.0:   bridge window [mem 0xce300000-0xce3fffff]
May 15 21:20:58 alien kernel: [    1.176500] pci 0000:00:1c.0:   bridge window [io  0x3000-0x3fff]
May 15 21:20:58 alien kernel: [    1.176414] pci 0000:00:1c.0: PCI bridge to [bus 08-08]
May 15 21:20:58 alien kernel: [    1.176248] pci 0000:08:00.0: PME# supported from D0 D1 D2 D3hot D3cold
May 15 21:20:58 vespa kernel: [    1.175785] pci 0000:08:00.0: reg 18: [io  0x3000-0x307f]
May 15 21:20:58 ank-morpork kernel: [    1.175735] pci 0000:08:00.0: reg 10: [mem 0xce300000-0xce33ffff 64bit]
May 15 21:20:58 ank-morpork kernel: [    1.175627] pci 0000:08:00.0: [1969:1083] type 0 class 0x000200
May 15 21:20:58 alien kernel: [    1.175509] pci 0000:00:01.1:   bridge window [mem 0xc0000000-0xcbffffff 64bit pref]
May 15 21:20:58 ank-morpork kernel: [    1.175505] pci 0000:00:01.1:   bridge window [mem 0xcc000000-0xce0fffff]
May 15 21:20:58 alien kernel: [    1.175503] pci 0000:00:01.1:   bridge window [io  0x4000-0x4fff]
May 15 21:20:58 alien kernel: [    1.175406] pci 0000:00:01.1: PCI bridge to [bus 07-07]
May 15 21:20:58 alien kernel: [    1.167630] pci 0000:07:00.1: reg 10: [mem 0xce000000-0xce003fff]
May 15 21:20:58 alien kernel: [    1.167623] pci 0000:07:00.1: [10de:0e0c] type 0 class 0x000403
May 15 21:20:58 alien kernel: [    1.167580] pci 0000:07:00.0: reg 30: [mem 0xfff80000-0xffffffff pref]
May 15 21:20:58 vespa kernel: [    1.167575] pci 0000:07:00.0: reg 24: [io  0x4000-0x407f]
May 15 21:20:58 vespa kernel: [    1.167569] pci 0000:07:00.0: reg 1c: [mem 0xc8000000-0xcbffffff 64bit pref]
May 15 21:20:58 ank-morpork kernel: [    1.167561] pci 0000:07:00.0: reg 14: [mem 0xc0000000-0xc7ffffff 64bit pref]
May 15 21:20:58 cats kernel: [    1.167552] pci 0000:07:00.0: reg 10: [mem 0xcc000000-0xcdffffff]
May 15 21:20:58 vespa kernel: [    1.167545] pci 0000:07:00.0: [10de:1212] type 0 class 0x000300
May 15 21:20:58 cats kernel: [    1.167516] pci 0000:00:01.0:   bridge window [mem 0xb0000000-0xbfffffff 64bit pref]
May 15 21:20:58 cats kernel: [    1.167512] pci 0000:00:01.0:   bridge window [mem 0xd0000000-0xd3ffffff]
May 15 21:20:58 ank-morpork kernel: [    1.167510] pci 0000:00:01.0:   bridge window [io  0x5000-0x5fff]
May 15 21:20:58 ank-morpork kernel: [    1.167413] pci 0000:00:01.0: PCI bridge to [bus 01-06]
May 15 21:20:58 vespa kernel: [    1.160123] pci 0000:01:00.1: reg 10: [mem 0xd2000000-0xd2003fff]
May 15 21:20:58 ank-morpork kernel: [    1.160116] pci 0000:01:00.1: [10de:0e0c] type 0 class 0x000403
May 15 21:20:58 vespa kernel: [    1.160078] pci 0000:01:00.0: reg 30: [mem 0xfff80000-0xffffffff pref]
May 15 21:20:58 vespa kernel: [    1.160073] pci 0000:01:00.0: reg 24: [io  0x5000-0x507f]
May 15 21:20:58 cats kernel: [    1.160067] pci 0000:01:00.0: reg 1c: [mem 0xb8000000-0xbbffffff 64bit pref]
May 15 21:20:58 ank-morpork kernel: [    1.160060] pci 0000:01:00.0: reg 14: [mem 0xb0000000-0xb7ffffff 64bit pref]
May 15 21:20:58 vespa kernel: [    1.160052] pci 0000:01:00.0: reg 10: [mem 0xd0000000-0xd1ffffff]
May 15 21:20:58 ank-morpork kernel: [    1.160045] pci 0000:01:00.0: [10de:1212] type 0 class 0x000300
May 15 21:20:58 ank-morpork kernel: [    1.159986] pci 0000:00:1f.3: reg 20: [io  0x6000-0x601f]
May 15 21:20:58 ank-morpork kernel: [    1.159965] pci 0000:00:1f.3: reg 10: [mem 0xce415000-0xce4150ff 64bit]
May 15 21:20:58 ank-morpork kernel: [    1.159949] pci 0000:00:1f.3: [8086:1e22] type 0 class 0x000c05
May 15 21:20:58 cats kernel: [    1.159928] pci 0000:00:1f.2: PME# supported from D3hot
May 15 21:20:58 alien kernel: [    1.159881] pci 0000:00:1f.2: reg 24: [mem 0xce417000-0xce4177ff]
May 15 21:20:58 cats kernel: [    1.159872] pci 0000:00:1f.2: reg 20: [io  0x6020-0x603f]
May 15 21:20:58 ank-morpork kernel: [    1.159864] pci 0000:00:1f.2: reg 1c: [io  0x6050-0x6053]
May 15 21:20:58 alien kernel: [    1.159855] pci 0000:00:1f.2: reg 18: [io  0x6040-0x6047]
May 15 21:20:58 alien kernel: [    1.159845] pci 0000:00:1f.2: reg 14: [io  0x6054-0x6057]
May 15 21:20:58 alien kernel: [    1.159837] pci 0000:00:1f.2: reg 10: [io  0x6048-0x604f]
May 15 21:20:58 cats kernel: [    1.159818] pci 0000:00:1f.2: [8086:282a] type 0 class 0x000104
May 15 21:20:58 alien kernel: [    1.159691] pci 0000:00:1f.0: [8086:1e57] type 0 class 0x000601
May 15 21:20:58 vespa kernel: [    1.159663] pci 0000:00:1d.0: PME# supported from D0 D3hot D3cold
May 15 21:20:58 vespa kernel: [    1.157751] pci 0000:00:1d.0: reg 10: [mem 0xce418000-0xce4183ff]
May 15 21:20:58 vespa kernel: [    1.157428] pci 0000:00:1d.0: [8086:1e26] type 0 class 0x000c03
May 15 21:20:58 alien kernel: [    1.157386] pci 0000:00:1c.4: PME# supported from D0 D3hot D3cold
May 15 21:20:58 ank-morpork kernel: [    1.157257] pci 0000:00:1c.4: [8086:1e18] type 1 class 0x000604
May 15 21:20:58 vespa kernel: [    1.157225] pci 0000:00:1c.3: PME# supported from D0 D3hot D3cold
May 15 21:20:58 vespa kernel: [    1.157145] pci 0000:00:1c.3: [8086:1e16] type 1 class 0x000604
May 15 21:20:58 cats kernel: [    1.157118] pci 0000:00:1c.2: PME# supported from D0 D3hot D3cold
May 15 21:20:58 ank-morpork kernel: [    1.157037] pci 0000:00:1c.2: [8086:1e14] type 1 class 0x000604
May 15 21:20:58 alien kernel: [    1.157008] pci 0000:00:1c.0: PME# supported from D0 D3hot D3cold
May 15 21:20:58 cats kernel: [    1.156926] pci 0000:00:1c.0: [8086:1e10] type 1 class 0x000604
May 15 21:20:58 cats kernel: [    1.156901] pci 0000:00:1b.0: PME# supported from D0 D3hot D3cold
May 15 21:20:58 ank-morpork kernel: [    1.156831] pci 0000:00:1b.0: reg 10: [mem 0xce410000-0xce413fff 64bit]
May 15 21:20:58 alien kernel: [    1.156816] pci 0000:00:1b.0: [8086:1e20] type 0 class 0x000403
May 15 21:20:58 ank-morpork kernel: [    1.156787] pci 0000:00:1a.0: PME# supported from D0 D3hot D3cold
May 15 21:20:58 vespa kernel: [    1.154868] pci 0000:00:1a.0: reg 10: [mem 0xce419000-0xce4193ff]
May 15 21:20:58 cats kernel: [    1.154535] pci 0000:00:1a.0: [8086:1e2d] type 0 class 0x000c03
May 15 21:20:58 ank-morpork kernel: [    1.154500] pci 0000:00:16.0: PME# supported from D0 D3hot D3cold
May 15 21:20:58 cats kernel: [    1.154424] pci 0000:00:16.0: reg 10: [mem 0xce414000-0xce41400f 64bit]
May 15 21:20:58 vespa kernel: [    1.154400] pci 0000:00:16.0: [8086:1e3a] type 0 class 0x000780
May 15 21:20:58 ank-morpork kernel: [    1.154375] pci 0000:00:14.0: PME# supported from D3hot D3cold
May 15 21:20:58 cats kernel: [    1.154302] pci 0000:00:14.0: reg 10: [mem 0xce400000-0xce40ffff 64bit]
May 15 21:20:58 cats kernel: [    1.154278] pci 0000:00:14.0: [8086:1e31] type 0 class 0x000c03
May 15 21:20:58 ank-morpork kernel: [    1.154237] pci 0000:00:01.1: PME# supported from D0 D3hot D3cold
May 15 21:20:58 alien kernel: [    1.154207] pci 0000:00:01.1: [8086:0155] type 1 class 0x000604
May 15 21:20:58 ank-morpork kernel: [    1.154193] pci 0000:00:01.0: PME# supported from D0 D3hot D3cold
May 15 21:20:58 alien kernel: [    1.154162] pci 0000:00:01.0: [8086:0151] type 1 class 0x000604
May 15 21:20:58 cats kernel: [    1.154125] pci 0000:00:00.0: [8086:0154] type 0 class 0x000600
May 15 21:20:58 vespa kernel: [    1.154006] pci_root PNP0A08:00: host bridge window [mem 0xb0000000-0xfeafffff]
May 15 21:20:58 cats kernel: [    1.153896] pci_root PNP0A08:00: host bridge window [mem 0x000a0000-0x000bffff]
May 15 21:20:58 cats kernel: [    1.153808] pci_root PNP0A08:00: host bridge window [io  0x0d00-0xffff]
May 15 21:20:58 ank-morpork kernel: [    1.153718] pci_root PNP0A08:00: host bridge window [io  0x0000-0x0cf7]
May 15 21:20:58 cats kernel: [    1.153066] ACPI: PCI Root Bridge [PCI0] (domain 0000 [bus 00-fe])
May 15 21:20:58 alien kernel: [    1.153062] _OSC request data:1 8 1f
May 15 21:20:58 alien kernel: [    1.153061] \_SB_.PCI0:_OSC invalid UUID
May 15 21:20:58 alien kernel: [    1.152601] PCI: Using host bridge windows from ACPI; if necessary, use "pci=nocrs" and report a bug
May 15 21:20:58 cats kernel: [    1.152520] HEST: Table not found.
May 15 21:20:58 vespa kernel: [    1.152439] ACPI: No dock devices found.
May 15 21:20:58 ank-morpork kernel: [    1.152168] ACPI: EC: GPE = 0x17, I/O: command/status = 0x66, data = 0x62
May 15 21:20:58 vespa kernel: [    1.151815] ACPI: Power Resource [FN04] (off)
May 15 21:20:58 vespa kernel: [    1.151658] ACPI: Power Resource [FN03] (off)
May 15 21:20:58 alien kernel: [    1.151503] ACPI: Power Resource [FN02] (off)
May 15 21:20:58 ank-morpork kernel: [    1.151341] ACPI: Power Resource [FN01] (off)
May 15 21:20:58 cats kernel: [    1.151184] ACPI: Power Resource [FN00] (off)
May 15 21:20:58 cats kernel: [    1.029226] ACPI: Using IOAPIC for interrupt routing
May 15 21:20:58 vespa kernel: [    1.028929] ACPI: (supports S0 S3 S4 S5)
May 15 21:20:58 cats kernel: [    1.028846] ACPI: Interpreter enabled
May 15 21:20:58 cats kernel: [    1.016348] ACPI: SSDT           (null) 00119 (v01  PmRef    ApCst 00003000 INTL 20111123)
May 15 21:20:58 alien kernel: [    1.016169] ACPI: Dynamic OEM Table Load:
May 15 21:20:58 cats kernel: [    1.015602] ACPI: SSDT 00000000af5fad98 00119 (v01  PmRef    ApCst 00003000 INTL 20111123)
May 15 21:20:58 vespa kernel: [    1.004542] ACPI: SSDT           (null) 00303 (v01  PmRef    ApIst 00003000 INTL 20111123)
May 15 21:20:58 alien kernel: [    1.004361] ACPI: Dynamic OEM Table Load:
May 15 21:20:58 alien kernel: [    1.003753] ACPI: SSDT 00000000af5fca98 00303 (v01  PmRef    ApIst 00003000 INTL 20111123)
May 15 21:20:58 alien kernel: [    0.992795] ACPI: SSDT           (null) 0083B (v01  PmRef  Cpu0Cst 00003001 INTL 20111123)
May 15 21:20:58 ank-morpork kernel: [    0.992614] ACPI: Dynamic OEM Table Load:
May 15 21:20:58 alien kernel: [    0.992038] ACPI: SSDT 00000000af5fb018 0083B (v01  PmRef  Cpu0Cst 00003001 INTL 20111123)
May 15 21:20:58 vespa kernel: [    0.977417] ACPI: Executed 1 blocks of module-level executable AML code
May 15 21:20:58 alien kernel: [    0.976029] ACPI: EC: Look up EC in DSDT
May 15 21:20:58 vespa kernel: [    0.974519] ACPI: Added _OSI(Processor Aggregator Device)
May 15 21:20:58 alien kernel: [    0.974437] ACPI: Added _OSI(3.0 _SCP Extensions)
May 15 21:20:58 alien kernel: [    0.974355] ACPI: Added _OSI(Processor Device)
May 15 21:20:58 ank-morpork kernel: [    0.974273] ACPI: Added _OSI(Module Device)
May 15 21:20:58 cats kernel: [    0.974105] bio: create slab <bio-0> at 0
May 15 21:20:58 ank-morpork kernel: [    0.973243] PCI: Using configuration type 1 for base access
May 15 21:20:58 vespa kernel: [    0.951543] PCI: MMCONFIG at [mem 0xe0000000-0xefffffff] reserved in E820
May 15 21:20:58 cats kernel: [    0.951422] PCI: MMCONFIG for domain 0000 [bus 00-ff] at [mem 0xe0000000-0xefffffff] (base 0xe0000000)
May 15 21:20:58 cats kernel: [    0.951276] ACPI: bus type pci registered
May 15 21:20:58 ank-morpork kernel: [    0.951164] ACPI FADT declares the system doesn't support PCIe ASPM, so disable it
May 15 21:20:58 vespa kernel: [    0.951010] NET: Registered protocol family 16
May 15 21:20:58 vespa kernel: [    0.950878] print_constraints: dummy:
May 15 21:20:58 alien kernel: [    0.950639] PM: Registering ACPI NVS region at af6bf000 (1048576 bytes)
May 15 21:20:58 ank-morpork kernel: [    0.947678] devtmpfs: initialized
May 15 21:20:58 ank-morpork kernel: [    0.940178] Total of 8 processors activated (36716.00 BogoMIPS).
May 15 21:20:58 vespa kernel: [    0.940099] Brought up 8 CPUs
May 15 21:20:58 vespa kernel: [    0.939991] NMI watchdog enabled, takes one hw-pmu counter.
May 15 21:20:58 cats kernel: [    0.832387] smpboot cpu 7: start_ip = 8c000
May 15 21:20:58 ank-morpork kernel: [    0.832311]  #7 Ok.
May 15 21:20:58 ank-morpork kernel: [    0.832140] NMI watchdog enabled, takes one hw-pmu counter.
May 15 21:20:58 vespa kernel: [    0.716361] smpboot cpu 6: start_ip = 8c000
May 15 21:20:58 alien kernel: [    0.716306]  #6
May 15 21:20:58 ank-morpork kernel: [    0.716136] NMI watchdog enabled, takes one hw-pmu counter.
May 15 21:20:58 alien kernel: [    0.608464] smpboot cpu 5: start_ip = 8c000
May 15 21:20:58 cats kernel: [    0.608409]  #5
May 15 21:20:58 vespa kernel: [    0.608237] NMI watchdog enabled, takes one hw-pmu counter.
May 15 21:20:58 vespa kernel: [    0.500459] smpboot cpu 4: start_ip = 8c000
May 15 21:20:58 alien kernel: [    0.500404]  #4
May 15 21:20:58 ank-morpork kernel: [    0.500234] NMI watchdog enabled, takes one hw-pmu counter.
May 15 21:20:58 cats kernel: [    0.392562] smpboot cpu 3: start_ip = 8c000
May 15 21:20:58 cats kernel: [    0.392507]  #3
May 15 21:20:58 ank-morpork kernel: [    0.392334] NMI watchdog enabled, takes one hw-pmu counter.
May 15 21:20:58 vespa kernel: [    0.284563] smpboot cpu 2: start_ip = 8c000
May 15 21:20:58 cats kernel: [    0.284507]  #2
May 15 21:20:58 vespa kernel: [    0.284328] NMI watchdog enabled, takes one hw-pmu counter.
May 15 21:20:58 ank-morpork kernel: [    0.173175] smpboot cpu 1: start_ip = 8c000
May 15 21:20:58 ank-morpork kernel: [    0.173063] Booting Node   0, Processors  #1
May 15 21:20:58 cats kernel: [    0.172891] NMI watchdog enabled, takes one hw-pmu counter.
May 15 21:20:58 ank-morpork kernel: [    0.172679] ... event mask:             000000070000000f
May 15 21:20:58 vespa kernel: [    0.172598] ... fixed-purpose events:   3
May 15 21:20:58 cats kernel: [    0.172513] ... max period:             000000007fffffff
May 15 21:20:58 alien kernel: [    0.172428] ... value mask:             0000ffffffffffff
May 15 21:20:58 cats kernel: [    0.172347] ... generic registers:      4
May 15 21:20:58 alien kernel: [    0.172265] ... bit width:              48
May 15 21:20:58 cats kernel: [    0.172184] ... version:                3
May 15 21:20:58 cats kernel: [    0.171919] Performance Events: PEBS fmt1+, generic architected perfmon, Intel PMU driver.
May 15 21:20:58 ank-morpork kernel: [    0.066041] CPU0: Intel(R) Core(TM) i7-3610QM CPU @ 2.30GHz stepping 09
May 15 21:20:58 cats kernel: [    0.026295] ..TIMER: vector=0x30 apic1=0 pin1=2 apic2=-1 pin2=-1
May 15 21:20:58 alien kernel: [    0.025786] x2apic not enabled, IRQ remapping init failed
May 15 21:20:58 vespa kernel: [    0.006353] ACPI: Core revision 20110623
May 15 21:20:58 cats kernel: [    0.005851] using mwait in idle threads.
May 15 21:20:58 vespa kernel: [    0.005763] CPU0: Thermal monitoring enabled (TM1)
May 15 21:20:58 vespa kernel: [    0.005670] mce: CPU supports 9 MCE banks
May 15 21:20:58 alien kernel: [    0.005110] ENERGY_PERF_BIAS: View and update with x86_energy_perf_policy(8)
May 15 21:20:58 ank-morpork kernel: [    0.005109] ENERGY_PERF_BIAS: Set to 'normal', was 'performance'
May 15 21:20:58 cats kernel: [    0.005025] CPU: Processor Core ID: 0
May 15 21:20:58 alien kernel: [    0.004945] CPU: Physical Processor ID: 0
May 15 21:20:58 vespa kernel: [    0.004837] Initializing cgroup subsys perf_event
May 15 21:20:58 vespa kernel: [    0.004751] Initializing cgroup subsys blkio
May 15 21:20:58 cats kernel: [    0.004669] Initializing cgroup subsys net_cls
May 15 21:20:58 alien kernel: [    0.004585] Initializing cgroup subsys freezer
May 15 21:20:58 ank-morpork kernel: [    0.004501] Initializing cgroup subsys devices
May 15 21:20:58 ank-morpork kernel: [    0.004411] Initializing cgroup subsys memory
May 15 21:20:58 alien kernel: [    0.004326] Initializing cgroup subsys cpuacct
May 15 21:20:58 ank-morpork kernel: [    0.004157] Mount-cache hash table entries: 256
May 15 21:20:58 ank-morpork kernel: [    0.003123] Inode-cache hash table entries: 524288 (order: 10, 4194304 bytes)
May 15 21:20:58 cats kernel: [    0.000931] Dentry cache hash table entries: 1048576 (order: 11, 8388608 bytes)
May 15 21:20:58 alien kernel: [    0.000380] AppArmor: AppArmor disabled by boot time parameter
May 15 21:20:58 ank-morpork kernel: [    0.000297] Security Framework initialized
May 15 21:20:58 ank-morpork kernel: [    0.000182] pid_max: default: 32768 minimum: 301
May 15 21:20:58 cats kernel: [    0.000010] Calibrating delay loop (skipped), value calculated using timer frequency.. 4589.11 BogoMIPS (lpj=9178220)
May 15 21:20:58 alien kernel: [    0.004000] Detected 2294.555 MHz processor.
May 15 21:20:58 cats kernel: [    0.000000] Fast TSC calibration using PIT
May 15 21:20:58 ank-morpork kernel: [    0.000000] hpet clockevent registered
May 15 21:20:58 cats kernel: [    0.000000] console [tty0] enabled
May 15 21:20:58 vespa kernel: [    0.000000] Console: colour VGA+ 80x25
May 15 21:20:58 vespa kernel: [    0.000000] NR_IRQS:33024 nr_irqs:744 16
May 15 21:20:58 vespa kernel: [    0.000000] 	RCU dyntick-idle grace-period acceleration is enabled.
May 15 21:20:58 vespa kernel: [    0.000000] Hierarchical RCU implementation.
May 15 21:20:58 alien kernel: [    0.000000] Memory: 6085312k/7585792k available (3420k kernel code, 1324796k absent, 175684k reserved, 3318k data, 576k init)
May 15 21:20:58 vespa kernel: [    0.000000] Calgary: Unable to locate Rio Grande table in EBDA - bailing!
May 15 21:20:58 ank-morpork kernel: [    0.000000] Calgary: detecting Calgary via BIOS EBDA area
May 15 21:20:58 vespa kernel: [    0.000000] No AGP bridge found
May 15 21:20:58 alien kernel: [    0.000000] Checking aperture...
May 15 21:20:58 alien kernel: [    0.000000] xsave/xrstor: enabled xstate_bv 0x7, cntxt size 0x340
May 15 21:20:58 ank-morpork kernel: [    0.000000] PID hash table entries: 4096 (order: 3, 32768 bytes)
May 15 21:20:58 alien kernel: [    0.000000] Kernel command line: BOOT_IMAGE=/boot/vmlinuz-3.2.0-4-amd64 root=/dev/md126p5 ro
May 15 21:20:58 vespa kernel: [    0.000000] Policy zone: Normal
May 15 21:20:58 cats kernel: [    0.000000] Built 1 zonelists in Zone order, mobility grouping on.  Total pages: 1539316
May 15 21:20:58 ank-morpork kernel: [    0.000000] pcpu-alloc: [0] 0 1 2 3 4 5 6 7
May 15 21:20:58 vespa kernel: [    0.000000] pcpu-alloc: s82944 r8192 d23552 u262144 alloc=1*2097152
May 15 21:20:58 cats kernel: [    0.000000] PERCPU: Embedded 28 pages/cpu @ffff8801cec00000 s82944 r8192 d23552 u262144
May 15 21:20:58 cats kernel: [    0.000000] setup_percpu: NR_CPUS:512 nr_cpumask_bits:512 nr_cpu_ids:8 nr_node_ids:1
May 15 21:20:58 cats kernel: [    0.000000] Booting paravirtualized kernel on bare hardware
May 15 21:20:58 cats kernel: [    0.000000] Allocating PCI resources starting at b0000000 (gap: b0000000:30000000)
May 15 21:20:58 ank-morpork kernel: [    0.000000] PM: Registered nosave memory: 00000000ffb00000 - 0000000100000000
May 15 21:20:58 vespa kernel: [    0.000000] PM: Registered nosave memory: 00000000fee01000 - 00000000ffb00000
May 15 21:20:58 alien kernel: [    0.000000] PM: Registered nosave memory: 00000000fee00000 - 00000000fee01000
May 15 21:20:58 ank-morpork kernel: [    0.000000] PM: Registered nosave memory: 00000000fed20000 - 00000000fee00000
May 15 21:20:58 cats kernel: [    0.000000] PM: Registered nosave memory: 00000000fed1c000 - 00000000fed20000
May 15 21:20:58 ank-morpork kernel: [    0.000000] PM: Registered nosave memory: 00000000fed1a000 - 00000000fed1c000
May 15 21:20:58 alien kernel: [    0.000000] PM: Registered nosave memory: 00000000fed10000 - 00000000fed1a000
May 15 21:20:58 ank-morpork kernel: [    0.000000] PM: Registered nosave memory: 00000000fec01000 - 00000000fed10000
May 15 21:20:58 cats kernel: [    0.000000] PM: Registered nosave memory: 00000000fec00000 - 00000000fec01000
May 15 21:20:58 alien kernel: [    0.000000] PM: Registered nosave memory: 00000000feb04000 - 00000000fec00000
May 15 21:20:58 vespa kernel: [    0.000000] PM: Registered nosave memory: 00000000feb00000 - 00000000feb04000
May 15 21:20:58 alien kernel: [    0.000000] PM: Registered nosave memory: 00000000f0000000 - 00000000feb00000
May 15 21:20:58 alien kernel: [    0.000000] PM: Registered nosave memory: 00000000e0000000 - 00000000f0000000
May 15 21:20:58 alien kernel: [    0.000000] PM: Registered nosave memory: 00000000b0000000 - 00000000e0000000
May 15 21:20:58 ank-morpork kernel: [    0.000000] PM: Registered nosave memory: 00000000af800000 - 00000000b0000000
May 15 21:20:58 cats kernel: [    0.000000] PM: Registered nosave memory: 00000000af7bf000 - 00000000af7ff000
May 15 21:20:58 alien kernel: [    0.000000] PM: Registered nosave memory: 00000000af6bf000 - 00000000af7bf000
May 15 21:20:58 vespa kernel: [    0.000000] PM: Registered nosave memory: 00000000af2bf000 - 00000000af6bf000
May 15 21:20:58 vespa kernel: [    0.000000] PM: Registered nosave memory: 00000000000e0000 - 0000000000100000
May 15 21:20:58 vespa kernel: [    0.000000] PM: Registered nosave memory: 00000000000a0000 - 00000000000e0000
May 15 21:20:58 ank-morpork kernel: [    0.000000] PM: Registered nosave memory: 0000000000092000 - 00000000000a0000
May 15 21:20:58 cats kernel: [    0.000000] PM: Registered nosave memory: 0000000000091000 - 0000000000092000
May 15 21:20:58 ank-morpork kernel: [    0.000000] nr_irqs_gsi: 40
May 15 21:20:58 ank-morpork kernel: [    0.000000] SMP: Allowing 8 CPUs, 0 hotplug CPUs
May 15 21:20:58 cats kernel: [    0.000000] ACPI: HPET id: 0x8086a201 base: 0xfed00000
May 15 21:20:58 ank-morpork kernel: [    0.000000] Using ACPI (MADT) for SMP configuration information
May 15 21:20:58 ank-morpork kernel: [    0.000000] ACPI: IRQ9 used by override.
May 15 21:20:58 ank-morpork kernel: [    0.000000] ACPI: IRQ2 used by override.
May 15 21:20:58 ank-morpork kernel: [    0.000000] ACPI: IRQ0 used by override.
May 15 21:20:58 alien kernel: [    0.000000] ACPI: INT_SRC_OVR (bus 0 bus_irq 9 global_irq 9 high level)
May 15 21:20:58 ank-morpork kernel: [    0.000000] ACPI: INT_SRC_OVR (bus 0 bus_irq 0 global_irq 2 dfl dfl)
May 15 21:20:58 ank-morpork kernel: [    0.000000] IOAPIC[0]: apic_id 0, version 32, address 0xfec00000, GSI 0-23
May 15 21:20:58 cats kernel: [    0.000000] ACPI: IOAPIC (id[0x00] address[0xfec00000] gsi_base[0])
May 15 21:20:58 ank-morpork kernel: [    0.000000] ACPI: LAPIC (acpi_id[0x08] lapic_id[0x07] enabled)
May 15 21:20:58 cats kernel: [    0.000000] ACPI: LAPIC (acpi_id[0x07] lapic_id[0x06] enabled)
May 15 21:20:58 cats kernel: [    0.000000] ACPI: LAPIC (acpi_id[0x06] lapic_id[0x05] enabled)
May 15 21:20:58 vespa kernel: [    0.000000] ACPI: LAPIC (acpi_id[0x05] lapic_id[0x04] enabled)
May 15 21:20:58 ank-morpork kernel: [    0.000000] ACPI: LAPIC (acpi_id[0x04] lapic_id[0x03] enabled)
May 15 21:20:58 vespa kernel: [    0.000000] ACPI: LAPIC (acpi_id[0x03] lapic_id[0x02] enabled)
May 15 21:20:58 vespa kernel: [    0.000000] ACPI: LAPIC (acpi_id[0x02] lapic_id[0x01] enabled)
May 15 21:20:58 vespa kernel: [    0.000000] ACPI: LAPIC (acpi_id[0x01] lapic_id[0x00] enabled)
May 15 21:20:58 cats kernel: [    0.000000] ACPI: Local APIC address 0xfee00000
May 15 21:20:58 alien kernel: [    0.000000] ACPI: PM-Timer IO Port: 0x408
May 15 21:20:58 vespa kernel: [    0.000000]   Normal zone: 836280 pages, LIFO batch:31
May 15 21:20:58 ank-morpork kernel: [    0.000000]   Normal zone: 11592 pages used for memmap
May 15 21:20:58 alien kernel: [    0.000000]   DMA32 zone: 699128 pages, LIFO batch:31
May 15 21:20:58 alien kernel: [    0.000000]   DMA32 zone: 14280 pages used for memmap
May 15 21:20:58 ank-morpork kernel: [    0.000000]   DMA zone: 3908 pages, LIFO batch:0
May 15 21:20:58 ank-morpork kernel: [    0.000000]   DMA zone: 5 pages reserved
May 15 21:20:58 vespa kernel: [    0.000000]   DMA zone: 56 pages used for memmap
May 15 21:20:58 ank-morpork kernel: [    0.000000] On node 0 totalpages: 1565249
May 15 21:20:58 ank-morpork kernel: [    0.000000]     0: 0x00100000 -> 0x001cf000
May 15 21:20:58 vespa kernel: [    0.000000]     0: 0x000af7ff -> 0x000af800
May 15 21:20:58 ank-morpork kernel: [    0.000000]     0: 0x00000100 -> 0x000af2bf
May 15 21:20:58 alien kernel: [    0.000000]     0: 0x00000010 -> 0x00000091
May 15 21:20:58 alien kernel: [    0.000000] early_node_map[4] active PFN ranges
May 15 21:20:58 alien kernel: [    0.000000] Movable zone start PFN for each node
May 15 21:20:58 cats kernel: [    0.000000]   Normal   0x00100000 -> 0x001cf000
May 15 21:20:58 vespa kernel: [    0.000000]   DMA32    0x00001000 -> 0x00100000
May 15 21:20:58 cats kernel: [    0.000000]   DMA      0x00000010 -> 0x00001000
May 15 21:20:58 vespa kernel: [    0.000000] Zone PFN ranges:
May 15 21:20:58 ank-morpork kernel: [    0.000000]  [ffffea0000000000-ffffea00065fffff] PMD -> [ffff8801c8600000-ffff8801cdbfffff] on node 0
May 15 21:20:58 alien kernel: [    0.000000]   NODE_DATA [00000001ceffb000 - 00000001ceffffff]
May 15 21:20:58 cats kernel: [    0.000000] Initmem setup node 0 0000000000000000-00000001cf000000
May 15 21:20:58 vespa kernel: [    0.000000] Faking a node at 0000000000000000-00000001cf000000
May 15 21:20:58 ank-morpork kernel: [    0.000000] No NUMA configuration found
May 15 21:20:58 cats kernel: [    0.000000] ACPI: Local APIC address 0xfee00000
May 15 21:20:58 cats kernel: [    0.000000] ACPI: WDTT 00000000af7dd000 00224 (v02 ALWARE ALIENWRE 00000001 ASL  01000013)
May 15 21:20:58 alien kernel: [    0.000000] ACPI: SSDT 00000000af7de000 01D4D (v01 NvdPeg  NvPegTb 00001000 INTL 20111123)
May 15 21:20:58 alien kernel: [    0.000000] ACPI: SSDT 00000000af7e0000 00A92 (v01  PmRef    CpuPm 00003000 INTL 20111123)
May 15 21:20:58 ank-morpork kernel: [    0.000000] ACPI: SSDT 00000000af7e1000 008E4 (v01  PmRef  Cpu0Ist 00003000 INTL 20111123)
May 15 21:20:58 ank-morpork kernel: [    0.000000] ACPI: FPDT 00000000af7e2000 00044 (v01 ALWARE ALIENWRE 00000001 ASL  00040000)
May 15 21:20:58 alien kernel: [    0.000000] ACPI: ASPT 00000000af7e4000 00034 (v07 ALWARE ALIENWRE 00000001 ASL  00040000)
May 15 21:20:58 vespa kernel: [    0.000000] ACPI: SSDT 00000000af7e5000 00406 (v01 INSYDE H2O BIOS 00001000 ACPI 00040000)
May 15 21:20:58 alien kernel: [    0.000000] ACPI: BOOT 00000000af7e9000 00028 (v01 ALWARE ALIENWRE 00000001 ASL  00040000)
May 15 21:20:58 vespa kernel: [    0.000000] ACPI: SSDT 00000000af7eb000 006FE (v01 INSYDE H2O BIOS 00001000 ACPI 00040000)
May 15 21:20:58 ank-morpork kernel: [    0.000000] ACPI: MCFG 00000000af7f7000 0003C (v01 ALWARE ALIENWRE 00000001 ASL  00040000)
May 15 21:20:58 vespa kernel: [    0.000000] ACPI: APIC 00000000af7f8000 0008C (v03 ALWARE ALIENWRE 00000001 ASL  00040000)
May 15 21:20:58 cats kernel: [    0.000000] ACPI: HPET 00000000af7f9000 00038 (v01 ALWARE ALIENWRE 00000001 ASL  00040000)
May 15 21:20:58 ank-morpork kernel: [    0.000000] ACPI: ASF! 00000000af7fb000 000A5 (v32 ALWARE ALIENWRE 00000001 ASL  00040000)
May 15 21:20:58 ank-morpork kernel: [    0.000000] ACPI: UEFI 00000000af7fc000 00236 (v01 ALWARE ALIENWRE 00000001 ASL  00040000)
May 15 21:20:58 cats kernel: [    0.000000] ACPI: SLIC 00000000af7fd000 00176 (v01 ALWARE ALIENWRE 00000001 ASL  00040000)
May 15 21:20:58 alien kernel: [    0.000000] ACPI: FACS 00000000af7b9000 00040
May 15 21:20:58 alien kernel: [    0.000000] ACPI: DSDT 00000000af7ec000 0A18B (v01 ALWARE ALIENWRE 00000000 ASL  00040000)
May 15 21:20:58 cats kernel: [    0.000000] ACPI Warning: FADT (revision 5) is longer than ACPI 2.0 version, truncating length 268 to 244 (20110623/tbfadt-288)
May 15 21:20:58 ank-morpork kernel: [    0.000000] ACPI: FACP 00000000af7fa000 0010C (v05 ALWARE ALIENWRE 00000001 ASL  00040000)
May 15 21:20:58 alien kernel: [    0.000000] ACPI: XSDT 00000000af7fe210 000A4 (v01 ALWARE ALIENWRE 00000001      01000013)
May 15 21:20:58 cats kernel: [    0.000000] ACPI: RSDP 00000000000fe020 00024 (v02 ALWARE)
May 15 21:20:58 alien kernel: [    0.000000] RAMDISK: 36840000 - 37418000
May 15 21:20:58 alien kernel: [    0.000000] kernel direct mapping tables up to 1cf000000 @ af2ba000-af2bf000
May 15 21:20:58 vespa kernel: [    0.000000]  0100000000 - 01cf000000 page 2M
May 15 21:20:58 vespa kernel: [    0.000000] init_memory_mapping: 0000000100000000-00000001cf000000
May 15 21:20:58 ank-morpork kernel: [    0.000000] kernel direct mapping tables up to af800000 @ 1fffc000-20000000
May 15 21:20:58 vespa kernel: [    0.000000]  0000000000 - 00af800000 page 2M
May 15 21:20:58 ank-morpork kernel: [    0.000000] init_memory_mapping: 0000000000000000-00000000af800000
May 15 21:20:58 vespa kernel: [    0.000000] Base memory trampoline at [ffff88000008c000] 8c000 size 20480
May 15 21:20:58 alien kernel: [    0.000000] initial memory mapped : 0 - 20000000
May 15 21:20:58 cats kernel: [    0.000000] found SMP MP-table at [ffff8800000fe1b0] fe1b0
May 15 21:20:58 vespa kernel: [    0.000000] last_pfn = 0xaf800 max_arch_pfn = 0x400000000
May 15 21:20:58 alien kernel: [    0.000000] x86 PAT enabled: cpu 0, old 0x7040600070406, new 0x7010600070106
May 15 21:20:58 cats kernel: [    0.000000]   9 disabled
May 15 21:20:58 vespa kernel: [    0.000000]   8 base 1E0000000 mask FE0000000 uncachable
May 15 21:20:58 ank-morpork kernel: [    0.000000]   7 base 1D0000000 mask FF0000000 uncachable
May 15 21:20:58 alien kernel: [    0.000000]   6 base 1CF000000 mask FFF000000 uncachable
May 15 21:20:58 cats kernel: [    0.000000]   5 base 100000000 mask F00000000 write-back
May 15 21:20:58 cats kernel: [    0.000000]   4 base 0FF800000 mask FFF800000 write-protect
May 15 21:20:58 cats kernel: [    0.000000]   3 base 0B0000000 mask FF0000000 uncachable
May 15 21:20:58 ank-morpork kernel: [    0.000000]   2 base 0AF800000 mask FFF800000 uncachable
May 15 21:20:58 ank-morpork kernel: [    0.000000]   1 base 080000000 mask FC0000000 write-back
May 15 21:20:58 alien kernel: [    0.000000]   0 base 000000000 mask F80000000 write-back
May 15 21:20:58 vespa kernel: [    0.000000] MTRR variable ranges enabled:
May 15 21:20:58 ank-morpork kernel: [    0.000000]   F0000-FFFFF write-protect
May 15 21:20:58 ank-morpork kernel: [    0.000000]   E8000-EFFFF write-combining
May 15 21:20:58 cats kernel: [    0.000000]   C0000-E7FFF write-protect
May 15 21:20:58 vespa kernel: [    0.000000]   A0000-BFFFF uncachable
May 15 21:20:58 ank-morpork kernel: [    0.000000]   00000-9FFFF write-back
May 15 21:20:58 cats kernel: [    0.000000] MTRR fixed ranges enabled:
May 15 21:20:58 alien kernel: [    0.000000] MTRR default type: uncachable
May 15 21:20:58 vespa kernel: [    0.000000] last_pfn = 0x1cf000 max_arch_pfn = 0x400000000
May 15 21:20:58 ank-morpork kernel: [    0.000000] No AGP bridge found
May 15 21:20:58 cats kernel: [    0.000000] e820 remove range: 00000000000a0000 - 0000000000100000 (usable)
May 15 21:20:58 alien kernel: [    0.000000] e820 update range: 0000000000000000 - 0000000000010000 (usable) ==> (reserved)
May 15 21:20:58 cats kernel: [    0.000000] DMI: Alienware M18xR2/M18xR2, BIOS A01 02/08/2012
May 15 21:20:58 alien kernel: [    0.000000] SMBIOS 2.7 present.
May 15 21:20:58 vespa kernel: [    0.000000] NX (Execute Disable) protection: active
May 15 21:20:58 vespa kernel: [    0.000000]  BIOS-e820: 0000000100000000 - 00000001cf000000 (usable)
May 15 21:20:58 alien kernel: [    0.000000]  BIOS-e820: 00000000ffb00000 - 0000000100000000 (reserved)
May 15 21:20:58 vespa kernel: [    0.000000]  BIOS-e820: 00000000fee00000 - 00000000fee01000 (reserved)
May 15 21:20:58 cats kernel: [    0.000000]  BIOS-e820: 00000000fed1c000 - 00000000fed20000 (reserved)
May 15 21:20:58 ank-morpork kernel: [    0.000000]  BIOS-e820: 00000000fed10000 - 00000000fed1a000 (reserved)
May 15 21:20:58 cats kernel: [    0.000000]  BIOS-e820: 00000000fec00000 - 00000000fec01000 (reserved)
May 15 21:20:58 cats kernel: [    0.000000]  BIOS-e820: 00000000feb00000 - 00000000feb04000 (reserved)
May 15 21:20:58 ank-morpork kernel: [    0.000000]  BIOS-e820: 00000000e0000000 - 00000000f0000000 (reserved)
May 15 21:20:58 ank-morpork kernel: [    0.000000]  BIOS-e820: 00000000af800000 - 00000000b0000000 (reserved)
May 15 21:20:58 ank-morpork kernel: [    0.000000]  BIOS-e820: 00000000af7ff000 - 00000000af800000 (usable)
May 15 21:20:58 alien kernel: [    0.000000]  BIOS-e820: 00000000af7bf000 - 00000000af7ff000 (ACPI data)
May 15 21:20:58 vespa kernel: [    0.000000]  BIOS-e820: 00000000af6bf000 - 00000000af7bf000 (ACPI NVS)
May 15 21:20:58 vespa kernel: [    0.000000]  BIOS-e820: 00000000af2bf000 - 00000000af6bf000 (reserved)
May 15 21:20:58 alien kernel: [    0.000000]  BIOS-e820: 0000000000100000 - 00000000af2bf000 (usable)
May 15 21:20:58 vespa kernel: [    0.000000]  BIOS-e820: 00000000000e0000 - 0000000000100000 (reserved)
May 15 21:20:58 ank-morpork kernel: [    0.000000]  BIOS-e820: 0000000000091c00 - 00000000000a0000 (reserved)
May 15 21:20:58 cats kernel: [    0.000000]  BIOS-e820: 0000000000000000 - 0000000000091c00 (usable)
May 15 21:20:58 ank-morpork kernel: [    0.000000] BIOS-provided physical RAM map:
May 15 21:20:58 vespa kernel: [    0.000000] Command line: BOOT_IMAGE=/boot/vmlinuz-3.2.0-4-amd64 root=/dev/md126p5 ro
